[0.435s] Invoking command in '/home/project/ros2_ws/src/wildfire_control': PYTHONPATH=/home/project/ros2_ws/build/wildfire_control/prefix_override:/usr/lib/python3/dist-packages/colcon_core/task/python/colcon_distutils_commands:/home/project/ros2_ws/install/wildfire_control/lib/python3.10/site-packages:${PYTHONPATH} /usr/bin/python3 -W ignore:setup.py install is deprecated -W ignore:easy_install command is deprecated setup.py egg_info --egg-base ../../build/wildfire_control build --build-base /home/project/ros2_ws/build/wildfire_control/build install --record /home/project/ros2_ws/build/wildfire_control/install.log --single-version-externally-managed install_data
[0.520s] running egg_info
[0.521s] creating ../../build/wildfire_control/wildfire_control.egg-info
[0.521s] writing ../../build/wildfire_control/wildfire_control.egg-info/PKG-INFO
[0.522s] writing dependency_links to ../../build/wildfire_control/wildfire_control.egg-info/dependency_links.txt
[0.524s] writing entry points to ../../build/wildfire_control/wildfire_control.egg-info/entry_points.txt
[0.524s] writing requirements to ../../build/wildfire_control/wildfire_control.egg-info/requires.txt
[0.525s] writing top-level names to ../../build/wildfire_control/wildfire_control.egg-info/top_level.txt
[0.525s] writing manifest file '../../build/wildfire_control/wildfire_control.egg-info/SOURCES.txt'
[0.526s] reading manifest file '../../build/wildfire_control/wildfire_control.egg-info/SOURCES.txt'
[0.527s] writing manifest file '../../build/wildfire_control/wildfire_control.egg-info/SOURCES.txt'
[0.527s] running build
[0.527s] running build_py
[0.528s] creating /home/project/ros2_ws/build/wildfire_control/build
[0.529s] creating /home/project/ros2_ws/build/wildfire_control/build/lib
[0.529s] creating /home/project/ros2_ws/build/wildfire_control/build/lib/wildfire_control
[0.529s] copying wildfire_control/state_machine_node.py -> /home/project/ros2_ws/build/wildfire_control/build/lib/wildfire_control
[0.533s] copying wildfire_control/__init__.py -> /home/project/ros2_ws/build/wildfire_control/build/lib/wildfire_control
[0.535s] copying wildfire_control/fire_controller_node.py -> /home/project/ros2_ws/build/wildfire_control/build/lib/wildfire_control
[0.536s] copying wildfire_control/follow_controller_node.py -> /home/project/ros2_ws/build/wildfire_control/build/lib/wildfire_control
[0.537s] running install
[0.538s] running install_lib
[0.539s] creating /home/project/ros2_ws/install/wildfire_control/lib/python3.10/site-packages/wildfire_control
[0.539s] copying /home/project/ros2_ws/build/wildfire_control/build/lib/wildfire_control/state_machine_node.py -> /home/project/ros2_ws/install/wildfire_control/lib/python3.10/site-packages/wildfire_control
[0.540s] copying /home/project/ros2_ws/build/wildfire_control/build/lib/wildfire_control/__init__.py -> /home/project/ros2_ws/install/wildfire_control/lib/python3.10/site-packages/wildfire_control
[0.541s] copying /home/project/ros2_ws/build/wildfire_control/build/lib/wildfire_control/fire_controller_node.py -> /home/project/ros2_ws/install/wildfire_control/lib/python3.10/site-packages/wildfire_control
[0.542s] copying /home/project/ros2_ws/build/wildfire_control/build/lib/wildfire_control/follow_controller_node.py -> /home/project/ros2_ws/install/wildfire_control/lib/python3.10/site-packages/wildfire_control
[0.543s] byte-compiling /home/project/ros2_ws/install/wildfire_control/lib/python3.10/site-packages/wildfire_control/state_machine_node.py to state_machine_node.cpython-310.pyc
[0.545s] byte-compiling /home/project/ros2_ws/install/wildfire_control/lib/python3.10/site-packages/wildfire_control/__init__.py to __init__.cpython-310.pyc
[0.546s] byte-compiling /home/project/ros2_ws/install/wildfire_control/lib/python3.10/site-packages/wildfire_control/fire_controller_node.py to fire_controller_node.cpython-310.pyc
[0.549s] byte-compiling /home/project/ros2_ws/install/wildfire_control/lib/python3.10/site-packages/wildfire_control/follow_controller_node.py to follow_controller_node.cpython-310.pyc
[0.551s] running install_data
[0.552s] creating /home/project/ros2_ws/install/wildfire_control/share/ament_index
[0.553s] creating /home/project/ros2_ws/install/wildfire_control/share/ament_index/resource_index
[0.553s] creating /home/project/ros2_ws/install/wildfire_control/share/ament_index/resource_index/packages
[0.554s] copying resource/wildfire_control -> /home/project/ros2_ws/install/wildfire_control/share/ament_index/resource_index/packages
[0.556s] copying package.xml -> /home/project/ros2_ws/install/wildfire_control/share/wildfire_control
[0.557s] running install_egg_info
[0.558s] Copying ../../build/wildfire_control/wildfire_control.egg-info to /home/project/ros2_ws/install/wildfire_control/lib/python3.10/site-packages/wildfire_control-0.1.0-py3.10.egg-info
[0.565s] running install_scripts
[0.579s] Installing fire_controller_node script to /home/project/ros2_ws/install/wildfire_control/bin
[0.581s] Installing follow_controller_node script to /home/project/ros2_ws/install/wildfire_control/bin
[0.582s] Installing state_machine_node script to /home/project/ros2_ws/install/wildfire_control/bin
[0.586s] writing list of installed files to '/home/project/ros2_ws/build/wildfire_control/install.log'
[0.600s] Invoked command in '/home/project/ros2_ws/src/wildfire_control' returned '0': PYTHONPATH=/home/project/ros2_ws/build/wildfire_control/prefix_override:/usr/lib/python3/dist-packages/colcon_core/task/python/colcon_distutils_commands:/home/project/ros2_ws/install/wildfire_control/lib/python3.10/site-packages:${PYTHONPATH} /usr/bin/python3 -W ignore:setup.py install is deprecated -W ignore:easy_install command is deprecated setup.py egg_info --egg-base ../../build/wildfire_control build --build-base /home/project/ros2_ws/build/wildfire_control/build install --record /home/project/ros2_ws/build/wildfire_control/install.log --single-version-externally-managed install_data
