running egg_info
creating ../../build/wildfire_vision/wildfire_vision.egg-info
writing ../../build/wildfire_vision/wildfire_vision.egg-info/PKG-INFO
writing dependency_links to ../../build/wildfire_vision/wildfire_vision.egg-info/dependency_links.txt
writing entry points to ../../build/wildfire_vision/wildfire_vision.egg-info/entry_points.txt
writing requirements to ../../build/wildfire_vision/wildfire_vision.egg-info/requires.txt
writing top-level names to ../../build/wildfire_vision/wildfire_vision.egg-info/top_level.txt
writing manifest file '../../build/wildfire_vision/wildfire_vision.egg-info/SOURCES.txt'
reading manifest file '../../build/wildfire_vision/wildfire_vision.egg-info/SOURCES.txt'
writing manifest file '../../build/wildfire_vision/wildfire_vision.egg-info/SOURCES.txt'
running build
running build_py
creating /home/project/ros2_ws/build/wildfire_vision/build
creating /home/project/ros2_ws/build/wildfire_vision/build/lib
creating /home/project/ros2_ws/build/wildfire_vision/build/lib/wildfire_vision
copying wildfire_vision/fire_detector_node.py -> /home/project/ros2_ws/build/wildfire_vision/build/lib/wildfire_vision
copying wildfire_vision/__init__.py -> /home/project/ros2_ws/build/wildfire_vision/build/lib/wildfire_vision
copying wildfire_vision/person_detector_node.py -> /home/project/ros2_ws/build/wildfire_vision/build/lib/wildfire_vision
copying wildfire_vision/camera_node.py -> /home/project/ros2_ws/build/wildfire_vision/build/lib/wildfire_vision
running install
running install_lib
creating /home/project/ros2_ws/install/wildfire_vision/lib/python3.10/site-packages/wildfire_vision
copying /home/project/ros2_ws/build/wildfire_vision/build/lib/wildfire_vision/fire_detector_node.py -> /home/project/ros2_ws/install/wildfire_vision/lib/python3.10/site-packages/wildfire_vision
copying /home/project/ros2_ws/build/wildfire_vision/build/lib/wildfire_vision/__init__.py -> /home/project/ros2_ws/install/wildfire_vision/lib/python3.10/site-packages/wildfire_vision
copying /home/project/ros2_ws/build/wildfire_vision/build/lib/wildfire_vision/person_detector_node.py -> /home/project/ros2_ws/install/wildfire_vision/lib/python3.10/site-packages/wildfire_vision
copying /home/project/ros2_ws/build/wildfire_vision/build/lib/wildfire_vision/camera_node.py -> /home/project/ros2_ws/install/wildfire_vision/lib/python3.10/site-packages/wildfire_vision
byte-compiling /home/project/ros2_ws/install/wildfire_vision/lib/python3.10/site-packages/wildfire_vision/fire_detector_node.py to fire_detector_node.cpython-310.pyc
byte-compiling /home/project/ros2_ws/install/wildfire_vision/lib/python3.10/site-packages/wildfire_vision/__init__.py to __init__.cpython-310.pyc
byte-compiling /home/project/ros2_ws/install/wildfire_vision/lib/python3.10/site-packages/wildfire_vision/person_detector_node.py to person_detector_node.cpython-310.pyc
byte-compiling /home/project/ros2_ws/install/wildfire_vision/lib/python3.10/site-packages/wildfire_vision/camera_node.py to camera_node.cpython-310.pyc
running install_data
creating /home/project/ros2_ws/install/wildfire_vision/share/ament_index
creating /home/project/ros2_ws/install/wildfire_vision/share/ament_index/resource_index
creating /home/project/ros2_ws/install/wildfire_vision/share/ament_index/resource_index/packages
copying resource/wildfire_vision -> /home/project/ros2_ws/install/wildfire_vision/share/ament_index/resource_index/packages
copying package.xml -> /home/project/ros2_ws/install/wildfire_vision/share/wildfire_vision
running install_egg_info
Copying ../../build/wildfire_vision/wildfire_vision.egg-info to /home/project/ros2_ws/install/wildfire_vision/lib/python3.10/site-packages/wildfire_vision-0.1.0-py3.10.egg-info
running install_scripts
Installing camera_node script to /home/project/ros2_ws/install/wildfire_vision/bin
Installing fire_detector_node script to /home/project/ros2_ws/install/wildfire_vision/bin
Installing person_detector_node script to /home/project/ros2_ws/install/wildfire_vision/bin
writing list of installed files to '/home/project/ros2_ws/build/wildfire_vision/install.log'
