[0.497s] DEBUG:colcon:Command line arguments: ['/usr/bin/colcon', 'build']
[0.498s] DEBUG:colcon:Parsed command line arguments: Namespace(log_base=None, log_level=None, verb_name='build', build_base='build', install_base='install', merge_install=False, symlink_install=False, test_result_base=None, continue_on_error=False, executor='parallel', parallel_workers=8, event_handlers=None, ignore_user_meta=False, metas=['./colcon.meta'], base_paths=['.'], packages_ignore=None, packages_ignore_regex=None, paths=None, packages_up_to=None, packages_up_to_regex=None, packages_above=None, packages_above_and_dependencies=None, packages_above_depth=None, packages_select_by_dep=None, packages_skip_by_dep=None, packages_skip_up_to=None, packages_select_build_failed=False, packages_skip_build_finished=False, packages_select_test_failures=False, packages_skip_test_passed=False, packages_select=None, packages_skip=None, packages_select_regex=None, packages_skip_regex=None, packages_start=None, packages_end=None, cmake_args=None, cmake_target=None, cmake_target_skip_unavailable=False, cmake_clean_cache=False, cmake_clean_first=False, cmake_force_configure=False, ament_cmake_args=None, catkin_cmake_args=None, catkin_skip_building_tests=False, mixin_files=None, mixin=None, verb_parser=<colcon_mixin.mixin.mixin_argument.MixinArgumentDecorator object at 0xffffa8232770>, verb_extension=<colcon_core.verb.build.BuildVerb object at 0xffffa8450580>, main=<bound method BuildVerb.main of <colcon_core.verb.build.BuildVerb object at 0xffffa8450580>>, mixin_verb=('build',))
[0.688s] Level 1:colcon.colcon_core.package_discovery:discover_packages(colcon_meta) check parameters
[0.689s] INFO:colcon.colcon_metadata.package_discovery.colcon_meta:Using configuration from '/root/.colcon/metadata/default/Gazebo.meta'
[0.689s] INFO:colcon.colcon_metadata.package_discovery.colcon_meta:Using configuration from '/root/.colcon/metadata/default/fastdds.meta'
[0.689s] INFO:colcon.colcon_metadata.package_discovery.colcon_meta:Using configuration from '/root/.colcon/metadata/default/fastrtps.meta'
[0.689s] Level 1:colcon.colcon_core.package_discovery:discover_packages(recursive) check parameters
[0.689s] Level 1:colcon.colcon_core.package_discovery:discover_packages(ignore) check parameters
[0.689s] Level 1:colcon.colcon_core.package_discovery:discover_packages(path) check parameters
[0.690s] Level 1:colcon.colcon_core.package_discovery:discover_packages(colcon_meta) discover
[0.690s] Level 1:colcon.colcon_core.package_discovery:discover_packages(recursive) discover
[0.690s] INFO:colcon.colcon_core.package_discovery:Crawling recursively for packages in '/home/project/ros2_ws'
[0.691s] Level 1:colcon.colcon_core.package_identification:_identify(.) by extensions ['ignore', 'ignore_ament_install']
[0.691s] Level 1:colcon.colcon_core.package_identification:_identify(.) by extension 'ignore'
[0.691s] Level 1:colcon.colcon_core.package_identification:_identify(.) by extension 'ignore_ament_install'
[0.691s] Level 1:colcon.colcon_core.package_identification:_identify(.) by extensions ['colcon_pkg']
[0.691s] Level 1:colcon.colcon_core.package_identification:_identify(.) by extension 'colcon_pkg'
[0.691s] Level 1:colcon.colcon_core.package_identification:_identify(.) by extensions ['colcon_meta']
[0.691s] Level 1:colcon.colcon_core.package_identification:_identify(.) by extension 'colcon_meta'
[0.691s] Level 1:colcon.colcon_core.package_identification:_identify(.) by extensions ['ros']
[0.691s] Level 1:colcon.colcon_core.package_identification:_identify(.) by extension 'ros'
[0.711s] Level 1:colcon.colcon_core.package_identification:_identify(.) by extensions ['cmake', 'python']
[0.711s] Level 1:colcon.colcon_core.package_identification:_identify(.) by extension 'cmake'
[0.711s] Level 1:colcon.colcon_core.package_identification:_identify(.) by extension 'python'
[0.711s] Level 1:colcon.colcon_core.package_identification:_identify(.) by extensions ['python_setup_py']
[0.712s] Level 1:colcon.colcon_core.package_identification:_identify(.) by extension 'python_setup_py'
[0.712s] Level 1:colcon.colcon_core.package_identification:_identify(build) by extensions ['ignore', 'ignore_ament_install']
[0.713s] Level 1:colcon.colcon_core.package_identification:_identify(build) by extension 'ignore'
[0.713s] Level 1:colcon.colcon_core.package_identification:_identify(build) ignored
[0.713s] Level 1:colcon.colcon_core.package_identification:_identify(install) by extensions ['ignore', 'ignore_ament_install']
[0.713s] Level 1:colcon.colcon_core.package_identification:_identify(install) by extension 'ignore'
[0.713s] Level 1:colcon.colcon_core.package_identification:_identify(install) ignored
[0.714s] Level 1:colcon.colcon_core.package_identification:_identify(log) by extensions ['ignore', 'ignore_ament_install']
[0.714s] Level 1:colcon.colcon_core.package_identification:_identify(log) by extension 'ignore'
[0.714s] Level 1:colcon.colcon_core.package_identification:_identify(log) ignored
[0.714s] Level 1:colcon.colcon_core.package_identification:_identify(src) by extensions ['ignore', 'ignore_ament_install']
[0.714s] Level 1:colcon.colcon_core.package_identification:_identify(src) by extension 'ignore'
[0.714s] Level 1:colcon.colcon_core.package_identification:_identify(src) by extension 'ignore_ament_install'
[0.714s] Level 1:colcon.colcon_core.package_identification:_identify(src) by extensions ['colcon_pkg']
[0.714s] Level 1:colcon.colcon_core.package_identification:_identify(src) by extension 'colcon_pkg'
[0.714s] Level 1:colcon.colcon_core.package_identification:_identify(src) by extensions ['colcon_meta']
[0.714s] Level 1:colcon.colcon_core.package_identification:_identify(src) by extension 'colcon_meta'
[0.714s] Level 1:colcon.colcon_core.package_identification:_identify(src) by extensions ['ros']
[0.714s] Level 1:colcon.colcon_core.package_identification:_identify(src) by extension 'ros'
[0.715s] Level 1:colcon.colcon_core.package_identification:_identify(src) by extensions ['cmake', 'python']
[0.715s] Level 1:colcon.colcon_core.package_identification:_identify(src) by extension 'cmake'
[0.715s] Level 1:colcon.colcon_core.package_identification:_identify(src) by extension 'python'
[0.715s] Level 1:colcon.colcon_core.package_identification:_identify(src) by extensions ['python_setup_py']
[0.715s] Level 1:colcon.colcon_core.package_identification:_identify(src) by extension 'python_setup_py'
[0.715s] Level 1:colcon.colcon_core.package_identification:_identify(src/wildfire_bringup) by extensions ['ignore', 'ignore_ament_install']
[0.715s] Level 1:colcon.colcon_core.package_identification:_identify(src/wildfire_bringup) by extension 'ignore'
[0.715s] Level 1:colcon.colcon_core.package_identification:_identify(src/wildfire_bringup) by extension 'ignore_ament_install'
[0.716s] Level 1:colcon.colcon_core.package_identification:_identify(src/wildfire_bringup) by extensions ['colcon_pkg']
[0.716s] Level 1:colcon.colcon_core.package_identification:_identify(src/wildfire_bringup) by extension 'colcon_pkg'
[0.716s] Level 1:colcon.colcon_core.package_identification:_identify(src/wildfire_bringup) by extensions ['colcon_meta']
[0.716s] Level 1:colcon.colcon_core.package_identification:_identify(src/wildfire_bringup) by extension 'colcon_meta'
[0.716s] Level 1:colcon.colcon_core.package_identification:_identify(src/wildfire_bringup) by extensions ['ros']
[0.716s] Level 1:colcon.colcon_core.package_identification:_identify(src/wildfire_bringup) by extension 'ros'
[0.720s] DEBUG:colcon.colcon_core.package_identification:Package 'src/wildfire_bringup' with type 'ros.ament_python' and name 'wildfire_bringup'
[0.721s] Level 1:colcon.colcon_core.package_identification:_identify(src/wildfire_control) by extensions ['ignore', 'ignore_ament_install']
[0.721s] Level 1:colcon.colcon_core.package_identification:_identify(src/wildfire_control) by extension 'ignore'
[0.722s] Level 1:colcon.colcon_core.package_identification:_identify(src/wildfire_control) by extension 'ignore_ament_install'
[0.722s] Level 1:colcon.colcon_core.package_identification:_identify(src/wildfire_control) by extensions ['colcon_pkg']
[0.722s] Level 1:colcon.colcon_core.package_identification:_identify(src/wildfire_control) by extension 'colcon_pkg'
[0.722s] Level 1:colcon.colcon_core.package_identification:_identify(src/wildfire_control) by extensions ['colcon_meta']
[0.722s] Level 1:colcon.colcon_core.package_identification:_identify(src/wildfire_control) by extension 'colcon_meta'
[0.722s] Level 1:colcon.colcon_core.package_identification:_identify(src/wildfire_control) by extensions ['ros']
[0.722s] Level 1:colcon.colcon_core.package_identification:_identify(src/wildfire_control) by extension 'ros'
[0.723s] DEBUG:colcon.colcon_core.package_identification:Package 'src/wildfire_control' with type 'ros.ament_python' and name 'wildfire_control'
[0.724s] Level 1:colcon.colcon_core.package_identification:_identify(src/wildfire_msgs) by extensions ['ignore', 'ignore_ament_install']
[0.724s] Level 1:colcon.colcon_core.package_identification:_identify(src/wildfire_msgs) by extension 'ignore'
[0.724s] Level 1:colcon.colcon_core.package_identification:_identify(src/wildfire_msgs) by extension 'ignore_ament_install'
[0.724s] Level 1:colcon.colcon_core.package_identification:_identify(src/wildfire_msgs) by extensions ['colcon_pkg']
[0.724s] Level 1:colcon.colcon_core.package_identification:_identify(src/wildfire_msgs) by extension 'colcon_pkg'
[0.724s] Level 1:colcon.colcon_core.package_identification:_identify(src/wildfire_msgs) by extensions ['colcon_meta']
[0.724s] Level 1:colcon.colcon_core.package_identification:_identify(src/wildfire_msgs) by extension 'colcon_meta'
[0.724s] Level 1:colcon.colcon_core.package_identification:_identify(src/wildfire_msgs) by extensions ['ros']
[0.724s] Level 1:colcon.colcon_core.package_identification:_identify(src/wildfire_msgs) by extension 'ros'
[0.726s] DEBUG:colcon.colcon_core.package_identification:Package 'src/wildfire_msgs' with type 'ros.ament_cmake' and name 'wildfire_msgs'
[0.726s] Level 1:colcon.colcon_core.package_identification:_identify(src/wildfire_vision) by extensions ['ignore', 'ignore_ament_install']
[0.726s] Level 1:colcon.colcon_core.package_identification:_identify(src/wildfire_vision) by extension 'ignore'
[0.726s] Level 1:colcon.colcon_core.package_identification:_identify(src/wildfire_vision) by extension 'ignore_ament_install'
[0.726s] Level 1:colcon.colcon_core.package_identification:_identify(src/wildfire_vision) by extensions ['colcon_pkg']
[0.727s] Level 1:colcon.colcon_core.package_identification:_identify(src/wildfire_vision) by extension 'colcon_pkg'
[0.727s] Level 1:colcon.colcon_core.package_identification:_identify(src/wildfire_vision) by extensions ['colcon_meta']
[0.727s] Level 1:colcon.colcon_core.package_identification:_identify(src/wildfire_vision) by extension 'colcon_meta'
[0.727s] Level 1:colcon.colcon_core.package_identification:_identify(src/wildfire_vision) by extensions ['ros']
[0.727s] Level 1:colcon.colcon_core.package_identification:_identify(src/wildfire_vision) by extension 'ros'
[0.727s] DEBUG:colcon.colcon_core.package_identification:Package 'src/wildfire_vision' with type 'ros.ament_python' and name 'wildfire_vision'
[0.727s] Level 1:colcon.colcon_core.package_discovery:discover_packages(recursive) using defaults
[0.727s] Level 1:colcon.colcon_core.package_discovery:discover_packages(ignore) discover
[0.728s] Level 1:colcon.colcon_core.package_discovery:discover_packages(ignore) using defaults
[0.728s] Level 1:colcon.colcon_core.package_discovery:discover_packages(path) discover
[0.728s] Level 1:colcon.colcon_core.package_discovery:discover_packages(path) using defaults
[0.759s] Level 5:colcon.colcon_core.verb:set package 'wildfire_msgs' build argument 'cmake_args' from command line to 'None'
[0.760s] Level 5:colcon.colcon_core.verb:set package 'wildfire_msgs' build argument 'cmake_target' from command line to 'None'
[0.760s] Level 5:colcon.colcon_core.verb:set package 'wildfire_msgs' build argument 'cmake_target_skip_unavailable' from command line to 'False'
[0.760s] Level 5:colcon.colcon_core.verb:set package 'wildfire_msgs' build argument 'cmake_clean_cache' from command line to 'False'
[0.760s] Level 5:colcon.colcon_core.verb:set package 'wildfire_msgs' build argument 'cmake_clean_first' from command line to 'False'
[0.760s] Level 5:colcon.colcon_core.verb:set package 'wildfire_msgs' build argument 'cmake_force_configure' from command line to 'False'
[0.760s] Level 5:colcon.colcon_core.verb:set package 'wildfire_msgs' build argument 'ament_cmake_args' from command line to 'None'
[0.760s] Level 5:colcon.colcon_core.verb:set package 'wildfire_msgs' build argument 'catkin_cmake_args' from command line to 'None'
[0.760s] Level 5:colcon.colcon_core.verb:set package 'wildfire_msgs' build argument 'catkin_skip_building_tests' from command line to 'False'
[0.760s] DEBUG:colcon.colcon_core.verb:Building package 'wildfire_msgs' with the following arguments: {'ament_cmake_args': None, 'build_base': '/home/project/ros2_ws/build/wildfire_msgs', 'catkin_cmake_args': None, 'catkin_skip_building_tests': False, 'cmake_args': None, 'cmake_clean_cache': False, 'cmake_clean_first': False, 'cmake_force_configure': False, 'cmake_target': None, 'cmake_target_skip_unavailable': False, 'install_base': '/home/project/ros2_ws/install/wildfire_msgs', 'merge_install': False, 'path': '/home/project/ros2_ws/src/wildfire_msgs', 'symlink_install': False, 'test_result_base': None}
[0.760s] Level 5:colcon.colcon_core.verb:set package 'wildfire_control' build argument 'cmake_args' from command line to 'None'
[0.760s] Level 5:colcon.colcon_core.verb:set package 'wildfire_control' build argument 'cmake_target' from command line to 'None'
[0.760s] Level 5:colcon.colcon_core.verb:set package 'wildfire_control' build argument 'cmake_target_skip_unavailable' from command line to 'False'
[0.760s] Level 5:colcon.colcon_core.verb:set package 'wildfire_control' build argument 'cmake_clean_cache' from command line to 'False'
[0.760s] Level 5:colcon.colcon_core.verb:set package 'wildfire_control' build argument 'cmake_clean_first' from command line to 'False'
[0.760s] Level 5:colcon.colcon_core.verb:set package 'wildfire_control' build argument 'cmake_force_configure' from command line to 'False'
[0.760s] Level 5:colcon.colcon_core.verb:set package 'wildfire_control' build argument 'ament_cmake_args' from command line to 'None'
[0.760s] Level 5:colcon.colcon_core.verb:set package 'wildfire_control' build argument 'catkin_cmake_args' from command line to 'None'
[0.760s] Level 5:colcon.colcon_core.verb:set package 'wildfire_control' build argument 'catkin_skip_building_tests' from command line to 'False'
[0.760s] DEBUG:colcon.colcon_core.verb:Building package 'wildfire_control' with the following arguments: {'ament_cmake_args': None, 'build_base': '/home/project/ros2_ws/build/wildfire_control', 'catkin_cmake_args': None, 'catkin_skip_building_tests': False, 'cmake_args': None, 'cmake_clean_cache': False, 'cmake_clean_first': False, 'cmake_force_configure': False, 'cmake_target': None, 'cmake_target_skip_unavailable': False, 'install_base': '/home/project/ros2_ws/install/wildfire_control', 'merge_install': False, 'path': '/home/project/ros2_ws/src/wildfire_control', 'symlink_install': False, 'test_result_base': None}
[0.761s] Level 5:colcon.colcon_core.verb:set package 'wildfire_vision' build argument 'cmake_args' from command line to 'None'
[0.761s] Level 5:colcon.colcon_core.verb:set package 'wildfire_vision' build argument 'cmake_target' from command line to 'None'
[0.761s] Level 5:colcon.colcon_core.verb:set package 'wildfire_vision' build argument 'cmake_target_skip_unavailable' from command line to 'False'
[0.761s] Level 5:colcon.colcon_core.verb:set package 'wildfire_vision' build argument 'cmake_clean_cache' from command line to 'False'
[0.761s] Level 5:colcon.colcon_core.verb:set package 'wildfire_vision' build argument 'cmake_clean_first' from command line to 'False'
[0.761s] Level 5:colcon.colcon_core.verb:set package 'wildfire_vision' build argument 'cmake_force_configure' from command line to 'False'
[0.761s] Level 5:colcon.colcon_core.verb:set package 'wildfire_vision' build argument 'ament_cmake_args' from command line to 'None'
[0.761s] Level 5:colcon.colcon_core.verb:set package 'wildfire_vision' build argument 'catkin_cmake_args' from command line to 'None'
[0.762s] Level 5:colcon.colcon_core.verb:set package 'wildfire_vision' build argument 'catkin_skip_building_tests' from command line to 'False'
[0.762s] DEBUG:colcon.colcon_core.verb:Building package 'wildfire_vision' with the following arguments: {'ament_cmake_args': None, 'build_base': '/home/project/ros2_ws/build/wildfire_vision', 'catkin_cmake_args': None, 'catkin_skip_building_tests': False, 'cmake_args': None, 'cmake_clean_cache': False, 'cmake_clean_first': False, 'cmake_force_configure': False, 'cmake_target': None, 'cmake_target_skip_unavailable': False, 'install_base': '/home/project/ros2_ws/install/wildfire_vision', 'merge_install': False, 'path': '/home/project/ros2_ws/src/wildfire_vision', 'symlink_install': False, 'test_result_base': None}
[0.762s] Level 5:colcon.colcon_core.verb:set package 'wildfire_bringup' build argument 'cmake_args' from command line to 'None'
[0.762s] Level 5:colcon.colcon_core.verb:set package 'wildfire_bringup' build argument 'cmake_target' from command line to 'None'
[0.762s] Level 5:colcon.colcon_core.verb:set package 'wildfire_bringup' build argument 'cmake_target_skip_unavailable' from command line to 'False'
[0.762s] Level 5:colcon.colcon_core.verb:set package 'wildfire_bringup' build argument 'cmake_clean_cache' from command line to 'False'
[0.762s] Level 5:colcon.colcon_core.verb:set package 'wildfire_bringup' build argument 'cmake_clean_first' from command line to 'False'
[0.762s] Level 5:colcon.colcon_core.verb:set package 'wildfire_bringup' build argument 'cmake_force_configure' from command line to 'False'
[0.762s] Level 5:colcon.colcon_core.verb:set package 'wildfire_bringup' build argument 'ament_cmake_args' from command line to 'None'
[0.762s] Level 5:colcon.colcon_core.verb:set package 'wildfire_bringup' build argument 'catkin_cmake_args' from command line to 'None'
[0.762s] Level 5:colcon.colcon_core.verb:set package 'wildfire_bringup' build argument 'catkin_skip_building_tests' from command line to 'False'
[0.762s] DEBUG:colcon.colcon_core.verb:Building package 'wildfire_bringup' with the following arguments: {'ament_cmake_args': None, 'build_base': '/home/project/ros2_ws/build/wildfire_bringup', 'catkin_cmake_args': None, 'catkin_skip_building_tests': False, 'cmake_args': None, 'cmake_clean_cache': False, 'cmake_clean_first': False, 'cmake_force_configure': False, 'cmake_target': None, 'cmake_target_skip_unavailable': False, 'install_base': '/home/project/ros2_ws/install/wildfire_bringup', 'merge_install': False, 'path': '/home/project/ros2_ws/src/wildfire_bringup', 'symlink_install': False, 'test_result_base': None}
[0.762s] INFO:colcon.colcon_core.executor:Executing jobs using 'parallel' executor
[0.764s] DEBUG:colcon.colcon_parallel_executor.executor.parallel:run_until_complete
[0.765s] INFO:colcon.colcon_ros.task.ament_cmake.build:Building ROS package in '/home/project/ros2_ws/src/wildfire_msgs' with build type 'ament_cmake'
[0.765s] INFO:colcon.colcon_cmake.task.cmake.build:Building CMake package in '/home/project/ros2_ws/src/wildfire_msgs'
[0.766s] INFO:colcon.colcon_core.plugin_system:Skipping extension 'colcon_core.shell.bat': Not used on non-Windows systems
[0.767s] INFO:colcon.colcon_core.shell:Skip shell extension 'powershell' for command environment: Not usable outside of PowerShell
[0.767s] DEBUG:colcon.colcon_core.shell:Skip shell extension 'dsv' for command environment
[0.769s] WARNING:colcon.colcon_ros.prefix_path.ament:The path '/home/project/ros2_ws/install/wildfire_bringup' in the environment variable AMENT_PREFIX_PATH doesn't exist
[0.769s] WARNING:colcon.colcon_ros.prefix_path.ament:The path '/home/project/ros2_ws/install/wildfire_vision' in the environment variable AMENT_PREFIX_PATH doesn't exist
[0.770s] WARNING:colcon.colcon_ros.prefix_path.ament:The path '/home/project/ros2_ws/install/wildfire_control' in the environment variable AMENT_PREFIX_PATH doesn't exist
[0.770s] WARNING:colcon.colcon_ros.prefix_path.ament:The path '/home/project/ros2_ws/install/wildfire_msgs' in the environment variable AMENT_PREFIX_PATH doesn't exist
[0.772s] WARNING:colcon.colcon_ros.prefix_path.catkin:The path '/home/project/ros2_ws/install/wildfire_msgs' in the environment variable CMAKE_PREFIX_PATH doesn't exist
[0.802s] DEBUG:colcon.colcon_core.event_handler.log_command:Invoking command in '/home/project/ros2_ws/build/wildfire_msgs': CMAKE_PREFIX_PATH=${CMAKE_PREFIX_PATH}:/home/project/ros2_ws/install/wildfire_bringup:/home/project/ros2_ws/install/wildfire_vision:/home/project/ros2_ws/install/wildfire_control:/opt/ros/humble /usr/bin/cmake /home/project/ros2_ws/src/wildfire_msgs -DCMAKE_INSTALL_PREFIX=/home/project/ros2_ws/install/wildfire_msgs
[3.288s] DEBUG:colcon.colcon_core.event_handler.log_command:Invoked command in '/home/project/ros2_ws/build/wildfire_msgs' returned '0': CMAKE_PREFIX_PATH=${CMAKE_PREFIX_PATH}:/home/project/ros2_ws/install/wildfire_bringup:/home/project/ros2_ws/install/wildfire_vision:/home/project/ros2_ws/install/wildfire_control:/opt/ros/humble /usr/bin/cmake /home/project/ros2_ws/src/wildfire_msgs -DCMAKE_INSTALL_PREFIX=/home/project/ros2_ws/install/wildfire_msgs
[3.294s] DEBUG:colcon.colcon_core.event_handler.log_command:Invoking command in '/home/project/ros2_ws/build/wildfire_msgs': CMAKE_PREFIX_PATH=${CMAKE_PREFIX_PATH}:/home/project/ros2_ws/install/wildfire_bringup:/home/project/ros2_ws/install/wildfire_vision:/home/project/ros2_ws/install/wildfire_control:/opt/ros/humble /usr/bin/cmake --build /home/project/ros2_ws/build/wildfire_msgs -- -j8 -l8
[7.045s] DEBUG:colcon.colcon_core.event_handler.log_command:Invoked command in '/home/project/ros2_ws/build/wildfire_msgs' returned '0': CMAKE_PREFIX_PATH=${CMAKE_PREFIX_PATH}:/home/project/ros2_ws/install/wildfire_bringup:/home/project/ros2_ws/install/wildfire_vision:/home/project/ros2_ws/install/wildfire_control:/opt/ros/humble /usr/bin/cmake --build /home/project/ros2_ws/build/wildfire_msgs -- -j8 -l8
[7.063s] DEBUG:colcon.colcon_core.event_handler.log_command:Invoking command in '/home/project/ros2_ws/build/wildfire_msgs': CMAKE_PREFIX_PATH=${CMAKE_PREFIX_PATH}:/home/project/ros2_ws/install/wildfire_bringup:/home/project/ros2_ws/install/wildfire_vision:/home/project/ros2_ws/install/wildfire_control:/opt/ros/humble /usr/bin/cmake --install /home/project/ros2_ws/build/wildfire_msgs
[7.634s] Level 1:colcon.colcon_core.environment:create_environment_scripts_only(wildfire_msgs)
[7.635s] DEBUG:colcon.colcon_core.event_handler.log_command:Invoked command in '/home/project/ros2_ws/build/wildfire_msgs' returned '0': CMAKE_PREFIX_PATH=${CMAKE_PREFIX_PATH}:/home/project/ros2_ws/install/wildfire_bringup:/home/project/ros2_ws/install/wildfire_vision:/home/project/ros2_ws/install/wildfire_control:/opt/ros/humble /usr/bin/cmake --install /home/project/ros2_ws/build/wildfire_msgs
[7.639s] Level 1:colcon.colcon_core.environment:checking '/home/project/ros2_ws/install/wildfire_msgs' for CMake module files
[7.644s] Level 1:colcon.colcon_core.environment:checking '/home/project/ros2_ws/install/wildfire_msgs' for CMake config files
[7.648s] Level 1:colcon.colcon_core.shell:create_environment_hook('wildfire_msgs', 'cmake_prefix_path')
[7.649s] INFO:colcon.colcon_core.shell:Creating environment hook '/home/project/ros2_ws/install/wildfire_msgs/share/wildfire_msgs/hook/cmake_prefix_path.ps1'
[7.651s] INFO:colcon.colcon_core.shell:Creating environment descriptor '/home/project/ros2_ws/install/wildfire_msgs/share/wildfire_msgs/hook/cmake_prefix_path.dsv'
[7.652s] INFO:colcon.colcon_core.shell:Creating environment hook '/home/project/ros2_ws/install/wildfire_msgs/share/wildfire_msgs/hook/cmake_prefix_path.sh'
[7.653s] Level 1:colcon.colcon_core.environment:checking '/home/project/ros2_ws/install/wildfire_msgs/lib'
[7.653s] Level 1:colcon.colcon_core.shell:create_environment_hook('wildfire_msgs', 'ld_library_path_lib')
[7.653s] INFO:colcon.colcon_core.shell:Creating environment hook '/home/project/ros2_ws/install/wildfire_msgs/share/wildfire_msgs/hook/ld_library_path_lib.ps1'
[7.654s] INFO:colcon.colcon_core.shell:Creating environment descriptor '/home/project/ros2_ws/install/wildfire_msgs/share/wildfire_msgs/hook/ld_library_path_lib.dsv'
[7.656s] INFO:colcon.colcon_core.shell:Creating environment hook '/home/project/ros2_ws/install/wildfire_msgs/share/wildfire_msgs/hook/ld_library_path_lib.sh'
[7.657s] Level 1:colcon.colcon_core.environment:checking '/home/project/ros2_ws/install/wildfire_msgs/bin'
[7.657s] Level 1:colcon.colcon_core.environment:checking '/home/project/ros2_ws/install/wildfire_msgs/lib/pkgconfig/wildfire_msgs.pc'
[7.661s] Level 1:colcon.colcon_core.environment:checking '/home/project/ros2_ws/install/wildfire_msgs/lib/python3.10/site-packages'
[7.661s] Level 1:colcon.colcon_core.environment:checking '/home/project/ros2_ws/install/wildfire_msgs/bin'
[7.661s] INFO:colcon.colcon_core.shell:Creating package script '/home/project/ros2_ws/install/wildfire_msgs/share/wildfire_msgs/package.ps1'
[7.662s] INFO:colcon.colcon_core.shell:Creating package descriptor '/home/project/ros2_ws/install/wildfire_msgs/share/wildfire_msgs/package.dsv'
[7.663s] INFO:colcon.colcon_core.shell:Creating package script '/home/project/ros2_ws/install/wildfire_msgs/share/wildfire_msgs/package.sh'
[7.664s] INFO:colcon.colcon_core.shell:Creating package script '/home/project/ros2_ws/install/wildfire_msgs/share/wildfire_msgs/package.bash'
[7.665s] INFO:colcon.colcon_core.shell:Creating package script '/home/project/ros2_ws/install/wildfire_msgs/share/wildfire_msgs/package.zsh'
[7.667s] Level 1:colcon.colcon_core.environment:create_file_with_runtime_dependencies(/home/project/ros2_ws/install/wildfire_msgs/share/colcon-core/packages/wildfire_msgs)
[7.672s] Level 1:colcon.colcon_core.environment:create_environment_scripts_only(wildfire_msgs)
[7.672s] Level 1:colcon.colcon_core.environment:checking '/home/project/ros2_ws/install/wildfire_msgs' for CMake module files
[7.673s] Level 1:colcon.colcon_core.environment:checking '/home/project/ros2_ws/install/wildfire_msgs' for CMake config files
[7.676s] Level 1:colcon.colcon_core.shell:create_environment_hook('wildfire_msgs', 'cmake_prefix_path')
[7.676s] INFO:colcon.colcon_core.shell:Creating environment hook '/home/project/ros2_ws/install/wildfire_msgs/share/wildfire_msgs/hook/cmake_prefix_path.ps1'
[7.677s] INFO:colcon.colcon_core.shell:Creating environment descriptor '/home/project/ros2_ws/install/wildfire_msgs/share/wildfire_msgs/hook/cmake_prefix_path.dsv'
[7.677s] INFO:colcon.colcon_core.shell:Creating environment hook '/home/project/ros2_ws/install/wildfire_msgs/share/wildfire_msgs/hook/cmake_prefix_path.sh'
[7.677s] Level 1:colcon.colcon_core.environment:checking '/home/project/ros2_ws/install/wildfire_msgs/lib'
[7.678s] Level 1:colcon.colcon_core.shell:create_environment_hook('wildfire_msgs', 'ld_library_path_lib')
[7.678s] INFO:colcon.colcon_core.shell:Creating environment hook '/home/project/ros2_ws/install/wildfire_msgs/share/wildfire_msgs/hook/ld_library_path_lib.ps1'
[7.678s] INFO:colcon.colcon_core.shell:Creating environment descriptor '/home/project/ros2_ws/install/wildfire_msgs/share/wildfire_msgs/hook/ld_library_path_lib.dsv'
[7.678s] INFO:colcon.colcon_core.shell:Creating environment hook '/home/project/ros2_ws/install/wildfire_msgs/share/wildfire_msgs/hook/ld_library_path_lib.sh'
[7.679s] Level 1:colcon.colcon_core.environment:checking '/home/project/ros2_ws/install/wildfire_msgs/bin'
[7.679s] Level 1:colcon.colcon_core.environment:checking '/home/project/ros2_ws/install/wildfire_msgs/lib/pkgconfig/wildfire_msgs.pc'
[7.679s] Level 1:colcon.colcon_core.environment:checking '/home/project/ros2_ws/install/wildfire_msgs/lib/python3.10/site-packages'
[7.679s] Level 1:colcon.colcon_core.environment:checking '/home/project/ros2_ws/install/wildfire_msgs/bin'
[7.679s] INFO:colcon.colcon_core.shell:Creating package script '/home/project/ros2_ws/install/wildfire_msgs/share/wildfire_msgs/package.ps1'
[7.680s] INFO:colcon.colcon_core.shell:Creating package descriptor '/home/project/ros2_ws/install/wildfire_msgs/share/wildfire_msgs/package.dsv'
[7.680s] INFO:colcon.colcon_core.shell:Creating package script '/home/project/ros2_ws/install/wildfire_msgs/share/wildfire_msgs/package.sh'
[7.681s] INFO:colcon.colcon_core.shell:Creating package script '/home/project/ros2_ws/install/wildfire_msgs/share/wildfire_msgs/package.bash'
[7.681s] INFO:colcon.colcon_core.shell:Creating package script '/home/project/ros2_ws/install/wildfire_msgs/share/wildfire_msgs/package.zsh'
[7.681s] Level 1:colcon.colcon_core.environment:create_file_with_runtime_dependencies(/home/project/ros2_ws/install/wildfire_msgs/share/colcon-core/packages/wildfire_msgs)
[7.683s] INFO:colcon.colcon_ros.task.ament_python.build:Building ROS package in '/home/project/ros2_ws/src/wildfire_control' with build type 'ament_python'
[7.683s] Level 1:colcon.colcon_core.shell:create_environment_hook('wildfire_control', 'ament_prefix_path')
[7.683s] INFO:colcon.colcon_core.shell:Creating environment hook '/home/project/ros2_ws/install/wildfire_control/share/wildfire_control/hook/ament_prefix_path.ps1'
[7.688s] INFO:colcon.colcon_core.shell:Creating environment descriptor '/home/project/ros2_ws/install/wildfire_control/share/wildfire_control/hook/ament_prefix_path.dsv'
[7.689s] INFO:colcon.colcon_core.shell:Creating environment hook '/home/project/ros2_ws/install/wildfire_control/share/wildfire_control/hook/ament_prefix_path.sh'
[7.689s] INFO:colcon.colcon_core.shell:Skip shell extension 'powershell' for command environment: Not usable outside of PowerShell
[7.689s] DEBUG:colcon.colcon_core.shell:Skip shell extension 'dsv' for command environment
[7.706s] INFO:colcon.colcon_ros.task.ament_python.build:Building ROS package in '/home/project/ros2_ws/src/wildfire_vision' with build type 'ament_python'
[7.706s] Level 1:colcon.colcon_core.shell:create_environment_hook('wildfire_vision', 'ament_prefix_path')
[7.706s] INFO:colcon.colcon_core.shell:Creating environment hook '/home/project/ros2_ws/install/wildfire_vision/share/wildfire_vision/hook/ament_prefix_path.ps1'
[7.709s] INFO:colcon.colcon_core.shell:Creating environment descriptor '/home/project/ros2_ws/install/wildfire_vision/share/wildfire_vision/hook/ament_prefix_path.dsv'
[7.709s] INFO:colcon.colcon_core.shell:Creating environment hook '/home/project/ros2_ws/install/wildfire_vision/share/wildfire_vision/hook/ament_prefix_path.sh'
[7.710s] INFO:colcon.colcon_core.shell:Skip shell extension 'powershell' for command environment: Not usable outside of PowerShell
[7.710s] DEBUG:colcon.colcon_core.shell:Skip shell extension 'dsv' for command environment
[7.854s] INFO:colcon.colcon_core.task.python.build:Building Python package in '/home/project/ros2_ws/src/wildfire_control'
[7.855s] INFO:colcon.colcon_core.shell:Skip shell extension 'powershell' for command environment: Not usable outside of PowerShell
[7.855s] DEBUG:colcon.colcon_core.shell:Skip shell extension 'dsv' for command environment
[7.954s] INFO:colcon.colcon_core.task.python.build:Building Python package in '/home/project/ros2_ws/src/wildfire_vision'
[7.955s] INFO:colcon.colcon_core.shell:Skip shell extension 'powershell' for command environment: Not usable outside of PowerShell
[7.955s] DEBUG:colcon.colcon_core.shell:Skip shell extension 'dsv' for command environment
[8.120s] DEBUG:colcon.colcon_core.event_handler.log_command:Invoking command in '/home/project/ros2_ws/src/wildfire_vision': PYTHONPATH=/home/project/ros2_ws/build/wildfire_vision/prefix_override:/usr/lib/python3/dist-packages/colcon_core/task/python/colcon_distutils_commands:/home/project/ros2_ws/install/wildfire_vision/lib/python3.10/site-packages:${PYTHONPATH} /usr/bin/python3 -W ignore:setup.py install is deprecated -W ignore:easy_install command is deprecated setup.py egg_info --egg-base ../../build/wildfire_vision build --build-base /home/project/ros2_ws/build/wildfire_vision/build install --record /home/project/ros2_ws/build/wildfire_vision/install.log --single-version-externally-managed install_data
[8.122s] DEBUG:colcon.colcon_core.event_handler.log_command:Invoking command in '/home/project/ros2_ws/src/wildfire_control': PYTHONPATH=/home/project/ros2_ws/build/wildfire_control/prefix_override:/usr/lib/python3/dist-packages/colcon_core/task/python/colcon_distutils_commands:/home/project/ros2_ws/install/wildfire_control/lib/python3.10/site-packages:${PYTHONPATH} /usr/bin/python3 -W ignore:setup.py install is deprecated -W ignore:easy_install command is deprecated setup.py egg_info --egg-base ../../build/wildfire_control build --build-base /home/project/ros2_ws/build/wildfire_control/build install --record /home/project/ros2_ws/build/wildfire_control/install.log --single-version-externally-managed install_data
[8.287s] Level 1:colcon.colcon_core.environment:checking '/home/project/ros2_ws/install/wildfire_control' for CMake module files
[8.287s] DEBUG:colcon.colcon_core.event_handler.log_command:Invoked command in '/home/project/ros2_ws/src/wildfire_control' returned '0': PYTHONPATH=/home/project/ros2_ws/build/wildfire_control/prefix_override:/usr/lib/python3/dist-packages/colcon_core/task/python/colcon_distutils_commands:/home/project/ros2_ws/install/wildfire_control/lib/python3.10/site-packages:${PYTHONPATH} /usr/bin/python3 -W ignore:setup.py install is deprecated -W ignore:easy_install command is deprecated setup.py egg_info --egg-base ../../build/wildfire_control build --build-base /home/project/ros2_ws/build/wildfire_control/build install --record /home/project/ros2_ws/build/wildfire_control/install.log --single-version-externally-managed install_data
[8.288s] Level 1:colcon.colcon_core.environment:checking '/home/project/ros2_ws/install/wildfire_control' for CMake config files
[8.290s] Level 1:colcon.colcon_core.environment:checking '/home/project/ros2_ws/install/wildfire_control/lib'
[8.290s] Level 1:colcon.colcon_core.environment:checking '/home/project/ros2_ws/install/wildfire_control/bin'
[8.290s] Level 1:colcon.colcon_core.shell:create_environment_hook('wildfire_control', 'path')
[8.290s] INFO:colcon.colcon_core.shell:Creating environment hook '/home/project/ros2_ws/install/wildfire_control/share/wildfire_control/hook/path.ps1'
[8.291s] INFO:colcon.colcon_core.shell:Creating environment descriptor '/home/project/ros2_ws/install/wildfire_control/share/wildfire_control/hook/path.dsv'
[8.291s] INFO:colcon.colcon_core.shell:Creating environment hook '/home/project/ros2_ws/install/wildfire_control/share/wildfire_control/hook/path.sh'
[8.292s] Level 1:colcon.colcon_core.environment:checking '/home/project/ros2_ws/install/wildfire_control/lib/pkgconfig/wildfire_control.pc'
[8.292s] Level 1:colcon.colcon_core.environment:checking '/home/project/ros2_ws/install/wildfire_control/lib/python3.10/site-packages'
[8.292s] Level 1:colcon.colcon_core.shell:create_environment_hook('wildfire_control', 'pythonpath')
[8.292s] INFO:colcon.colcon_core.shell:Creating environment hook '/home/project/ros2_ws/install/wildfire_control/share/wildfire_control/hook/pythonpath.ps1'
[8.293s] INFO:colcon.colcon_core.shell:Creating environment descriptor '/home/project/ros2_ws/install/wildfire_control/share/wildfire_control/hook/pythonpath.dsv'
[8.293s] INFO:colcon.colcon_core.shell:Creating environment hook '/home/project/ros2_ws/install/wildfire_control/share/wildfire_control/hook/pythonpath.sh'
[8.294s] Level 1:colcon.colcon_core.environment:checking '/home/project/ros2_ws/install/wildfire_control/bin'
[8.294s] Level 1:colcon.colcon_core.shell:create_environment_hook('wildfire_control', 'pythonscriptspath')
[8.294s] INFO:colcon.colcon_core.shell:Creating environment hook '/home/project/ros2_ws/install/wildfire_control/share/wildfire_control/hook/pythonscriptspath.ps1'
[8.295s] INFO:colcon.colcon_core.shell:Creating environment descriptor '/home/project/ros2_ws/install/wildfire_control/share/wildfire_control/hook/pythonscriptspath.dsv'
[8.296s] INFO:colcon.colcon_core.shell:Creating environment hook '/home/project/ros2_ws/install/wildfire_control/share/wildfire_control/hook/pythonscriptspath.sh'
[8.297s] Level 1:colcon.colcon_core.environment:create_environment_scripts_only(wildfire_control)
[8.297s] INFO:colcon.colcon_core.shell:Creating package script '/home/project/ros2_ws/install/wildfire_control/share/wildfire_control/package.ps1'
[8.298s] INFO:colcon.colcon_core.shell:Creating package descriptor '/home/project/ros2_ws/install/wildfire_control/share/wildfire_control/package.dsv'
[8.298s] INFO:colcon.colcon_core.shell:Creating package script '/home/project/ros2_ws/install/wildfire_control/share/wildfire_control/package.sh'
[8.299s] INFO:colcon.colcon_core.shell:Creating package script '/home/project/ros2_ws/install/wildfire_control/share/wildfire_control/package.bash'
[8.299s] INFO:colcon.colcon_core.shell:Creating package script '/home/project/ros2_ws/install/wildfire_control/share/wildfire_control/package.zsh'
[8.300s] Level 1:colcon.colcon_core.environment:create_file_with_runtime_dependencies(/home/project/ros2_ws/install/wildfire_control/share/colcon-core/packages/wildfire_control)
[8.301s] Level 1:colcon.colcon_core.environment:checking '/home/project/ros2_ws/install/wildfire_vision' for CMake module files
[8.304s] DEBUG:colcon.colcon_core.event_handler.log_command:Invoked command in '/home/project/ros2_ws/src/wildfire_vision' returned '0': PYTHONPATH=/home/project/ros2_ws/build/wildfire_vision/prefix_override:/usr/lib/python3/dist-packages/colcon_core/task/python/colcon_distutils_commands:/home/project/ros2_ws/install/wildfire_vision/lib/python3.10/site-packages:${PYTHONPATH} /usr/bin/python3 -W ignore:setup.py install is deprecated -W ignore:easy_install command is deprecated setup.py egg_info --egg-base ../../build/wildfire_vision build --build-base /home/project/ros2_ws/build/wildfire_vision/build install --record /home/project/ros2_ws/build/wildfire_vision/install.log --single-version-externally-managed install_data
[8.304s] Level 1:colcon.colcon_core.environment:checking '/home/project/ros2_ws/install/wildfire_vision' for CMake config files
[8.306s] Level 1:colcon.colcon_core.environment:checking '/home/project/ros2_ws/install/wildfire_vision/lib'
[8.306s] Level 1:colcon.colcon_core.environment:checking '/home/project/ros2_ws/install/wildfire_vision/bin'
[8.306s] Level 1:colcon.colcon_core.shell:create_environment_hook('wildfire_vision', 'path')
[8.306s] INFO:colcon.colcon_core.shell:Creating environment hook '/home/project/ros2_ws/install/wildfire_vision/share/wildfire_vision/hook/path.ps1'
[8.311s] INFO:colcon.colcon_core.shell:Creating environment descriptor '/home/project/ros2_ws/install/wildfire_vision/share/wildfire_vision/hook/path.dsv'
[8.315s] INFO:colcon.colcon_core.shell:Creating environment hook '/home/project/ros2_ws/install/wildfire_vision/share/wildfire_vision/hook/path.sh'
[8.317s] Level 1:colcon.colcon_core.environment:checking '/home/project/ros2_ws/install/wildfire_vision/lib/pkgconfig/wildfire_vision.pc'
[8.317s] Level 1:colcon.colcon_core.environment:checking '/home/project/ros2_ws/install/wildfire_vision/lib/python3.10/site-packages'
[8.318s] Level 1:colcon.colcon_core.shell:create_environment_hook('wildfire_vision', 'pythonpath')
[8.318s] INFO:colcon.colcon_core.shell:Creating environment hook '/home/project/ros2_ws/install/wildfire_vision/share/wildfire_vision/hook/pythonpath.ps1'
[8.319s] INFO:colcon.colcon_core.shell:Creating environment descriptor '/home/project/ros2_ws/install/wildfire_vision/share/wildfire_vision/hook/pythonpath.dsv'
[8.320s] INFO:colcon.colcon_core.shell:Creating environment hook '/home/project/ros2_ws/install/wildfire_vision/share/wildfire_vision/hook/pythonpath.sh'
[8.321s] Level 1:colcon.colcon_core.environment:checking '/home/project/ros2_ws/install/wildfire_vision/bin'
[8.321s] Level 1:colcon.colcon_core.shell:create_environment_hook('wildfire_vision', 'pythonscriptspath')
[8.321s] INFO:colcon.colcon_core.shell:Creating environment hook '/home/project/ros2_ws/install/wildfire_vision/share/wildfire_vision/hook/pythonscriptspath.ps1'
[8.321s] INFO:colcon.colcon_core.shell:Creating environment descriptor '/home/project/ros2_ws/install/wildfire_vision/share/wildfire_vision/hook/pythonscriptspath.dsv'
[8.322s] INFO:colcon.colcon_core.shell:Creating environment hook '/home/project/ros2_ws/install/wildfire_vision/share/wildfire_vision/hook/pythonscriptspath.sh'
[8.322s] Level 1:colcon.colcon_core.environment:create_environment_scripts_only(wildfire_vision)
[8.322s] INFO:colcon.colcon_core.shell:Creating package script '/home/project/ros2_ws/install/wildfire_vision/share/wildfire_vision/package.ps1'
[8.323s] INFO:colcon.colcon_core.shell:Creating package descriptor '/home/project/ros2_ws/install/wildfire_vision/share/wildfire_vision/package.dsv'
[8.323s] INFO:colcon.colcon_core.shell:Creating package script '/home/project/ros2_ws/install/wildfire_vision/share/wildfire_vision/package.sh'
[8.324s] INFO:colcon.colcon_core.shell:Creating package script '/home/project/ros2_ws/install/wildfire_vision/share/wildfire_vision/package.bash'
[8.324s] INFO:colcon.colcon_core.shell:Creating package script '/home/project/ros2_ws/install/wildfire_vision/share/wildfire_vision/package.zsh'
[8.325s] Level 1:colcon.colcon_core.environment:create_file_with_runtime_dependencies(/home/project/ros2_ws/install/wildfire_vision/share/colcon-core/packages/wildfire_vision)
[8.326s] INFO:colcon.colcon_ros.task.ament_python.build:Building ROS package in '/home/project/ros2_ws/src/wildfire_bringup' with build type 'ament_python'
[8.328s] Level 1:colcon.colcon_core.shell:create_environment_hook('wildfire_bringup', 'ament_prefix_path')
[8.329s] INFO:colcon.colcon_core.shell:Creating environment hook '/home/project/ros2_ws/install/wildfire_bringup/share/wildfire_bringup/hook/ament_prefix_path.ps1'
[8.338s] INFO:colcon.colcon_core.shell:Creating environment descriptor '/home/project/ros2_ws/install/wildfire_bringup/share/wildfire_bringup/hook/ament_prefix_path.dsv'
[8.341s] INFO:colcon.colcon_core.shell:Creating environment hook '/home/project/ros2_ws/install/wildfire_bringup/share/wildfire_bringup/hook/ament_prefix_path.sh'
[8.349s] INFO:colcon.colcon_core.shell:Skip shell extension 'powershell' for command environment: Not usable outside of PowerShell
[8.349s] DEBUG:colcon.colcon_core.shell:Skip shell extension 'dsv' for command environment
[8.477s] INFO:colcon.colcon_core.task.python.build:Building Python package in '/home/project/ros2_ws/src/wildfire_bringup'
[8.477s] INFO:colcon.colcon_core.shell:Skip shell extension 'powershell' for command environment: Not usable outside of PowerShell
[8.478s] DEBUG:colcon.colcon_core.shell:Skip shell extension 'dsv' for command environment
[8.627s] DEBUG:colcon.colcon_core.event_handler.log_command:Invoking command in '/home/project/ros2_ws/src/wildfire_bringup': AMENT_PREFIX_PATH=/home/project/ros2_ws/install/wildfire_vision:/home/project/ros2_ws/install/wildfire_control:/home/project/ros2_ws/install/wildfire_bringup:/home/project/ros2_ws/install/wildfire_msgs:/opt/ros/humble PYTHONPATH=/home/project/ros2_ws/build/wildfire_bringup/prefix_override:/usr/lib/python3/dist-packages/colcon_core/task/python/colcon_distutils_commands:/home/project/ros2_ws/install/wildfire_bringup/lib/python3.10/site-packages:/home/project/ros2_ws/install/wildfire_vision/lib/python3.10/site-packages:/home/project/ros2_ws/install/wildfire_control/lib/python3.10/site-packages:/home/project/ros2_ws/install/wildfire_bringup/lib/python3.10/site-packages:/home/project/ros2_ws/install/wildfire_msgs/local/lib/python3.10/dist-packages:/opt/ros/humble/lib/python3.10/site-packages:/opt/ros/humble/local/lib/python3.10/dist-packages /usr/bin/python3 -W ignore:setup.py install is deprecated -W ignore:easy_install command is deprecated setup.py egg_info --egg-base ../../build/wildfire_bringup build --build-base /home/project/ros2_ws/build/wildfire_bringup/build install --record /home/project/ros2_ws/build/wildfire_bringup/install.log --single-version-externally-managed install_data
[8.764s] Level 1:colcon.colcon_core.environment:checking '/home/project/ros2_ws/install/wildfire_bringup' for CMake module files
[8.765s] DEBUG:colcon.colcon_core.event_handler.log_command:Invoked command in '/home/project/ros2_ws/src/wildfire_bringup' returned '0': AMENT_PREFIX_PATH=/home/project/ros2_ws/install/wildfire_vision:/home/project/ros2_ws/install/wildfire_control:/home/project/ros2_ws/install/wildfire_bringup:/home/project/ros2_ws/install/wildfire_msgs:/opt/ros/humble PYTHONPATH=/home/project/ros2_ws/build/wildfire_bringup/prefix_override:/usr/lib/python3/dist-packages/colcon_core/task/python/colcon_distutils_commands:/home/project/ros2_ws/install/wildfire_bringup/lib/python3.10/site-packages:/home/project/ros2_ws/install/wildfire_vision/lib/python3.10/site-packages:/home/project/ros2_ws/install/wildfire_control/lib/python3.10/site-packages:/home/project/ros2_ws/install/wildfire_bringup/lib/python3.10/site-packages:/home/project/ros2_ws/install/wildfire_msgs/local/lib/python3.10/dist-packages:/opt/ros/humble/lib/python3.10/site-packages:/opt/ros/humble/local/lib/python3.10/dist-packages /usr/bin/python3 -W ignore:setup.py install is deprecated -W ignore:easy_install command is deprecated setup.py egg_info --egg-base ../../build/wildfire_bringup build --build-base /home/project/ros2_ws/build/wildfire_bringup/build install --record /home/project/ros2_ws/build/wildfire_bringup/install.log --single-version-externally-managed install_data
[8.766s] Level 1:colcon.colcon_core.environment:checking '/home/project/ros2_ws/install/wildfire_bringup' for CMake config files
[8.768s] Level 1:colcon.colcon_core.environment:checking '/home/project/ros2_ws/install/wildfire_bringup/lib'
[8.768s] Level 1:colcon.colcon_core.environment:checking '/home/project/ros2_ws/install/wildfire_bringup/bin'
[8.768s] Level 1:colcon.colcon_core.environment:checking '/home/project/ros2_ws/install/wildfire_bringup/lib/pkgconfig/wildfire_bringup.pc'
[8.768s] Level 1:colcon.colcon_core.environment:checking '/home/project/ros2_ws/install/wildfire_bringup/lib/python3.10/site-packages'
[8.768s] Level 1:colcon.colcon_core.shell:create_environment_hook('wildfire_bringup', 'pythonpath')
[8.768s] INFO:colcon.colcon_core.shell:Creating environment hook '/home/project/ros2_ws/install/wildfire_bringup/share/wildfire_bringup/hook/pythonpath.ps1'
[8.769s] INFO:colcon.colcon_core.shell:Creating environment descriptor '/home/project/ros2_ws/install/wildfire_bringup/share/wildfire_bringup/hook/pythonpath.dsv'
[8.770s] INFO:colcon.colcon_core.shell:Creating environment hook '/home/project/ros2_ws/install/wildfire_bringup/share/wildfire_bringup/hook/pythonpath.sh'
[8.771s] Level 1:colcon.colcon_core.environment:checking '/home/project/ros2_ws/install/wildfire_bringup/bin'
[8.771s] Level 1:colcon.colcon_core.environment:create_environment_scripts_only(wildfire_bringup)
[8.771s] INFO:colcon.colcon_core.shell:Creating package script '/home/project/ros2_ws/install/wildfire_bringup/share/wildfire_bringup/package.ps1'
[8.771s] INFO:colcon.colcon_core.shell:Creating package descriptor '/home/project/ros2_ws/install/wildfire_bringup/share/wildfire_bringup/package.dsv'
[8.772s] INFO:colcon.colcon_core.shell:Creating package script '/home/project/ros2_ws/install/wildfire_bringup/share/wildfire_bringup/package.sh'
[8.773s] INFO:colcon.colcon_core.shell:Creating package script '/home/project/ros2_ws/install/wildfire_bringup/share/wildfire_bringup/package.bash'
[8.773s] INFO:colcon.colcon_core.shell:Creating package script '/home/project/ros2_ws/install/wildfire_bringup/share/wildfire_bringup/package.zsh'
[8.773s] Level 1:colcon.colcon_core.environment:create_file_with_runtime_dependencies(/home/project/ros2_ws/install/wildfire_bringup/share/colcon-core/packages/wildfire_bringup)
[8.774s] DEBUG:colcon.colcon_parallel_executor.executor.parallel:closing loop
[8.774s] DEBUG:colcon.colcon_parallel_executor.executor.parallel:loop closed
[8.774s] DEBUG:colcon.colcon_parallel_executor.executor.parallel:run_until_complete finished with '0'
[8.775s] DEBUG:colcon.colcon_core.event_reactor:joining thread
[8.783s] INFO:colcon.colcon_core.plugin_system:Skipping extension 'colcon_notification.desktop_notification.notify_send': Could not find 'notify-send'
[8.783s] INFO:colcon.colcon_core.plugin_system:Skipping extension 'colcon_notification.desktop_notification.terminal_notifier': Not used on non-Darwin systems
[8.783s] INFO:colcon.colcon_core.plugin_system:Skipping extension 'colcon_notification.desktop_notification.win32': Not used on non-Windows systems
[8.783s] INFO:colcon.colcon_notification.desktop_notification:Sending desktop notification using 'notify2'
[8.784s] DEBUG:colcon.colcon_notification.desktop_notification.notify2:Failed to initialize notify2: org.freedesktop.DBus.Error.NotSupported: Unable to autolaunch a dbus-daemon without a $DISPLAY for X11
[8.784s] DEBUG:colcon.colcon_core.event_reactor:joined thread
[8.784s] INFO:colcon.colcon_core.shell:Creating prefix script '/home/project/ros2_ws/install/local_setup.ps1'
[8.785s] INFO:colcon.colcon_core.shell:Creating prefix util module '/home/project/ros2_ws/install/_local_setup_util_ps1.py'
[8.785s] INFO:colcon.colcon_core.shell:Creating prefix chain script '/home/project/ros2_ws/install/setup.ps1'
[8.787s] INFO:colcon.colcon_core.shell:Creating prefix script '/home/project/ros2_ws/install/local_setup.sh'
[8.787s] INFO:colcon.colcon_core.shell:Creating prefix util module '/home/project/ros2_ws/install/_local_setup_util_sh.py'
[8.788s] INFO:colcon.colcon_core.shell:Creating prefix chain script '/home/project/ros2_ws/install/setup.sh'
[8.790s] INFO:colcon.colcon_core.shell:Creating prefix script '/home/project/ros2_ws/install/local_setup.bash'
[8.790s] INFO:colcon.colcon_core.shell:Creating prefix chain script '/home/project/ros2_ws/install/setup.bash'
[8.791s] INFO:colcon.colcon_core.shell:Creating prefix script '/home/project/ros2_ws/install/local_setup.zsh'
[8.791s] INFO:colcon.colcon_core.shell:Creating prefix chain script '/home/project/ros2_ws/install/setup.zsh'
