-- The C compiler identification is GNU 11.4.0
-- The CXX compiler identification is GNU 11.4.0
-- Detecting C compiler ABI info
-- Detecting C compiler ABI info - done
-- Check for working C compiler: /usr/bin/cc - skipped
-- Detecting C compile features
-- Detecting C compile features - done
-- Detecting CXX compiler ABI info
-- Detecting CXX compiler ABI info - done
-- Check for working CXX compiler: /usr/bin/c++ - skipped
-- Detecting CXX compile features
-- Detecting CXX compile features - done
-- Found ament_cmake: 1.3.14 (/opt/ros/humble/share/ament_cmake/cmake)
-- Found Python3: /usr/bin/python3 (found version "3.10.12") found components: Interpreter 
-- Found builtin_interfaces: 1.2.2 (/opt/ros/humble/share/builtin_interfaces/cmake)
-- Found rosidl_generator_c: 3.1.8 (/opt/ros/humble/share/rosidl_generator_c/cmake)
-- Found rosidl_adapter: 3.1.8 (/opt/ros/humble/share/rosidl_adapter/cmake)
-- Found rosidl_generator_cpp: 3.1.8 (/opt/ros/humble/share/rosidl_generator_cpp/cmake)
-- Using all available rosidl_typesupport_c: rosidl_typesupport_fastrtps_c;rosidl_typesupport_introspection_c
-- Using all available rosidl_typesupport_cpp: rosidl_typesupport_fastrtps_cpp;rosidl_typesupport_introspection_cpp
-- Found std_msgs: 4.9.1 (/opt/ros/humble/share/std_msgs/cmake)
-- Found sensor_msgs: 4.9.1 (/opt/ros/humble/share/sensor_msgs/cmake)
-- Found rosidl_default_generators: 1.2.1 (/opt/ros/humble/share/rosidl_default_generators/cmake)
-- Found ament_cmake_ros: 0.10.0 (/opt/ros/humble/share/ament_cmake_ros/cmake)
-- Using all available rosidl_typesupport_c: rosidl_typesupport_fastrtps_c;rosidl_typesupport_introspection_c
-- Using all available rosidl_typesupport_cpp: rosidl_typesupport_fastrtps_cpp;rosidl_typesupport_introspection_cpp
-- Found PythonInterp: /usr/bin/python3 (found suitable version "3.10.12", minimum required is "3.6") 
-- Found python_cmake_module: 0.10.0 (/opt/ros/humble/share/python_cmake_module/cmake)
-- Found PythonLibs: /usr/lib/aarch64-linux-gnu/libpython3.10.so (found suitable version "3.10.12", minimum required is "3.5") 
-- Using PYTHON_EXECUTABLE: /usr/bin/python3
-- Using PYTHON_INCLUDE_DIRS: /usr/include/python3.10
-- Using PYTHON_LIBRARIES: /usr/lib/aarch64-linux-gnu/libpython3.10.so
-- Found PythonExtra: .so  
-- Configuring done
-- Generating done
-- Build files have been written to: /home/project/ros2_ws/build/wildfire_msgs
[  1%] [34m[1mGenerating C code for ROS interfaces[0m
[  3%] [34m[1mGenerating Rust code for ROS interfaces[0m
[  4%] [34m[1mGenerating C++ code for ROS interfaces[0m
[  4%] Built target ament_cmake_python_copy_wildfire_msgs
running egg_info
creating wildfire_msgs.egg-info
writing wildfire_msgs.egg-info/PKG-INFO
writing dependency_links to wildfire_msgs.egg-info/dependency_links.txt
writing top-level names to wildfire_msgs.egg-info/top_level.txt
writing manifest file 'wildfire_msgs.egg-info/SOURCES.txt'
reading manifest file 'wildfire_msgs.egg-info/SOURCES.txt'
writing manifest file 'wildfire_msgs.egg-info/SOURCES.txt'
[  4%] Built target ament_cmake_python_build_wildfire_msgs_egg
[  4%] Built target wildfire_msgs__rs
[  7%] [32mBuilding C object CMakeFiles/wildfire_msgs__rosidl_generator_c.dir/rosidl_generator_c/wildfire_msgs/msg/detail/detection__functions.c.o[0m
[  7%] [32mBuilding C object CMakeFiles/wildfire_msgs__rosidl_generator_c.dir/rosidl_generator_c/wildfire_msgs/msg/detail/button_event__functions.c.o[0m
[  9%] [32mBuilding C object CMakeFiles/wildfire_msgs__rosidl_generator_c.dir/rosidl_generator_c/wildfire_msgs/msg/detail/drive_cmd__functions.c.o[0m
[ 12%] [32mBuilding C object CMakeFiles/wildfire_msgs__rosidl_generator_c.dir/rosidl_generator_c/wildfire_msgs/msg/detail/pan_tilt_cmd__functions.c.o[0m
[ 12%] [32mBuilding C object CMakeFiles/wildfire_msgs__rosidl_generator_c.dir/rosidl_generator_c/wildfire_msgs/msg/detail/mode__functions.c.o[0m
[ 12%] Built target wildfire_msgs__cpp
[ 14%] [34m[1mGenerating C++ type support for eProsima Fast-RTPS[0m
[ 15%] [34m[1mGenerating C++ introspection for ROS interfaces[0m
[ 17%] [34m[1mGenerating C++ type support dispatch for ROS interfaces[0m
[ 18%] [32m[1mLinking C shared library libwildfire_msgs__rosidl_generator_c.so[0m
[ 18%] Built target wildfire_msgs__rosidl_generator_c
[ 20%] [34m[1mGenerating C introspection for ROS interfaces[0m
[ 23%] [34m[1mGenerating C type support for eProsima Fast-RTPS[0m
[ 23%] [34m[1mGenerating C type support dispatch for ROS interfaces[0m
[ 25%] [32mBuilding CXX object CMakeFiles/wildfire_msgs__rosidl_typesupport_cpp.dir/rosidl_typesupport_cpp/wildfire_msgs/msg/mode__type_support.cpp.o[0m
[ 26%] [32mBuilding CXX object CMakeFiles/wildfire_msgs__rosidl_typesupport_cpp.dir/rosidl_typesupport_cpp/wildfire_msgs/msg/button_event__type_support.cpp.o[0m
[ 28%] [32mBuilding CXX object CMakeFiles/wildfire_msgs__rosidl_typesupport_cpp.dir/rosidl_typesupport_cpp/wildfire_msgs/msg/detection__type_support.cpp.o[0m
[ 29%] [32mBuilding CXX object CMakeFiles/wildfire_msgs__rosidl_typesupport_introspection_cpp.dir/rosidl_typesupport_introspection_cpp/wildfire_msgs/msg/detail/mode__type_support.cpp.o[0m
[ 31%] [32mBuilding CXX object CMakeFiles/wildfire_msgs__rosidl_typesupport_fastrtps_cpp.dir/rosidl_typesupport_fastrtps_cpp/wildfire_msgs/msg/detail/dds_fastrtps/mode__type_support.cpp.o[0m
[ 32%] [32mBuilding CXX object CMakeFiles/wildfire_msgs__rosidl_typesupport_c.dir/rosidl_typesupport_c/wildfire_msgs/msg/mode__type_support.cpp.o[0m
[ 34%] [32mBuilding CXX object CMakeFiles/wildfire_msgs__rosidl_typesupport_c.dir/rosidl_typesupport_c/wildfire_msgs/msg/button_event__type_support.cpp.o[0m
[ 35%] [32mBuilding CXX object CMakeFiles/wildfire_msgs__rosidl_typesupport_fastrtps_c.dir/rosidl_typesupport_fastrtps_c/wildfire_msgs/msg/detail/mode__type_support_c.cpp.o[0m
[ 37%] [32mBuilding CXX object CMakeFiles/wildfire_msgs__rosidl_typesupport_c.dir/rosidl_typesupport_c/wildfire_msgs/msg/detection__type_support.cpp.o[0m
[ 39%] [32mBuilding CXX object CMakeFiles/wildfire_msgs__rosidl_typesupport_c.dir/rosidl_typesupport_c/wildfire_msgs/msg/drive_cmd__type_support.cpp.o[0m
[ 40%] [32mBuilding C object CMakeFiles/wildfire_msgs__rosidl_typesupport_introspection_c.dir/rosidl_typesupport_introspection_c/wildfire_msgs/msg/detail/mode__type_support.c.o[0m
[ 42%] [32mBuilding CXX object CMakeFiles/wildfire_msgs__rosidl_typesupport_c.dir/rosidl_typesupport_c/wildfire_msgs/msg/pan_tilt_cmd__type_support.cpp.o[0m
[ 43%] [32m[1mLinking CXX shared library libwildfire_msgs__rosidl_typesupport_c.so[0m
[ 45%] [32mBuilding C object CMakeFiles/wildfire_msgs__rosidl_typesupport_introspection_c.dir/rosidl_typesupport_introspection_c/wildfire_msgs/msg/detail/button_event__type_support.c.o[0m
[ 46%] [32mBuilding C object CMakeFiles/wildfire_msgs__rosidl_typesupport_introspection_c.dir/rosidl_typesupport_introspection_c/wildfire_msgs/msg/detail/detection__type_support.c.o[0m
[ 48%] [32mBuilding CXX object CMakeFiles/wildfire_msgs__rosidl_typesupport_fastrtps_c.dir/rosidl_typesupport_fastrtps_c/wildfire_msgs/msg/detail/button_event__type_support_c.cpp.o[0m
[ 48%] Built target wildfire_msgs__rosidl_typesupport_c
[ 51%] [32mBuilding CXX object CMakeFiles/wildfire_msgs__rosidl_typesupport_introspection_cpp.dir/rosidl_typesupport_introspection_cpp/wildfire_msgs/msg/detail/button_event__type_support.cpp.o[0m
[ 51%] [32mBuilding CXX object CMakeFiles/wildfire_msgs__rosidl_typesupport_cpp.dir/rosidl_typesupport_cpp/wildfire_msgs/msg/drive_cmd__type_support.cpp.o[0m
[ 53%] [32mBuilding CXX object CMakeFiles/wildfire_msgs__rosidl_typesupport_fastrtps_cpp.dir/rosidl_typesupport_fastrtps_cpp/wildfire_msgs/msg/detail/dds_fastrtps/button_event__type_support.cpp.o[0m
[ 54%] [32mBuilding C object CMakeFiles/wildfire_msgs__rosidl_typesupport_introspection_c.dir/rosidl_typesupport_introspection_c/wildfire_msgs/msg/detail/drive_cmd__type_support.c.o[0m
[ 56%] [32mBuilding CXX object CMakeFiles/wildfire_msgs__rosidl_typesupport_fastrtps_cpp.dir/rosidl_typesupport_fastrtps_cpp/wildfire_msgs/msg/detail/dds_fastrtps/detection__type_support.cpp.o[0m
[ 57%] [32mBuilding CXX object CMakeFiles/wildfire_msgs__rosidl_typesupport_cpp.dir/rosidl_typesupport_cpp/wildfire_msgs/msg/pan_tilt_cmd__type_support.cpp.o[0m
[ 59%] [32mBuilding C object CMakeFiles/wildfire_msgs__rosidl_typesupport_introspection_c.dir/rosidl_typesupport_introspection_c/wildfire_msgs/msg/detail/pan_tilt_cmd__type_support.c.o[0m
[ 60%] [32mBuilding CXX object CMakeFiles/wildfire_msgs__rosidl_typesupport_fastrtps_c.dir/rosidl_typesupport_fastrtps_c/wildfire_msgs/msg/detail/detection__type_support_c.cpp.o[0m
[ 62%] [32m[1mLinking C shared library libwildfire_msgs__rosidl_typesupport_introspection_c.so[0m
[ 64%] [32mBuilding CXX object CMakeFiles/wildfire_msgs__rosidl_typesupport_fastrtps_cpp.dir/rosidl_typesupport_fastrtps_cpp/wildfire_msgs/msg/detail/dds_fastrtps/drive_cmd__type_support.cpp.o[0m
[ 65%] [32mBuilding CXX object CMakeFiles/wildfire_msgs__rosidl_typesupport_fastrtps_c.dir/rosidl_typesupport_fastrtps_c/wildfire_msgs/msg/detail/drive_cmd__type_support_c.cpp.o[0m
[ 65%] Built target wildfire_msgs__rosidl_typesupport_introspection_c
[ 67%] [32mBuilding CXX object CMakeFiles/wildfire_msgs__rosidl_typesupport_introspection_cpp.dir/rosidl_typesupport_introspection_cpp/wildfire_msgs/msg/detail/detection__type_support.cpp.o[0m
[ 68%] [32m[1mLinking CXX shared library libwildfire_msgs__rosidl_typesupport_cpp.so[0m
[ 70%] [32mBuilding CXX object CMakeFiles/wildfire_msgs__rosidl_typesupport_introspection_cpp.dir/rosidl_typesupport_introspection_cpp/wildfire_msgs/msg/detail/drive_cmd__type_support.cpp.o[0m
[ 71%] [32mBuilding CXX object CMakeFiles/wildfire_msgs__rosidl_typesupport_fastrtps_c.dir/rosidl_typesupport_fastrtps_c/wildfire_msgs/msg/detail/pan_tilt_cmd__type_support_c.cpp.o[0m
[ 73%] [32mBuilding CXX object CMakeFiles/wildfire_msgs__rosidl_typesupport_fastrtps_cpp.dir/rosidl_typesupport_fastrtps_cpp/wildfire_msgs/msg/detail/dds_fastrtps/pan_tilt_cmd__type_support.cpp.o[0m
[ 75%] Built target wildfire_msgs__rosidl_typesupport_cpp
[ 75%] [32mBuilding CXX object CMakeFiles/wildfire_msgs__rosidl_typesupport_introspection_cpp.dir/rosidl_typesupport_introspection_cpp/wildfire_msgs/msg/detail/pan_tilt_cmd__type_support.cpp.o[0m
[ 76%] [32m[1mLinking CXX shared library libwildfire_msgs__rosidl_typesupport_fastrtps_c.so[0m
[ 78%] [32m[1mLinking CXX shared library libwildfire_msgs__rosidl_typesupport_introspection_cpp.so[0m
[ 78%] Built target wildfire_msgs__rosidl_typesupport_fastrtps_c
[ 79%] [32m[1mLinking CXX shared library libwildfire_msgs__rosidl_typesupport_fastrtps_cpp.so[0m
[ 79%] Built target wildfire_msgs__rosidl_typesupport_introspection_cpp
[ 79%] Built target wildfire_msgs__rosidl_typesupport_fastrtps_cpp
[ 79%] Built target wildfire_msgs
[ 81%] [34m[1mGenerating Python code for ROS interfaces[0m
[ 81%] Built target wildfire_msgs__py
[ 82%] [32mBuilding C object CMakeFiles/wildfire_msgs__rosidl_generator_py.dir/rosidl_generator_py/wildfire_msgs/msg/_mode_s.c.o[0m
[ 85%] [32mBuilding C object CMakeFiles/wildfire_msgs__rosidl_generator_py.dir/rosidl_generator_py/wildfire_msgs/msg/_detection_s.c.o[0m
[ 87%] [32mBuilding C object CMakeFiles/wildfire_msgs__rosidl_generator_py.dir/rosidl_generator_py/wildfire_msgs/msg/_button_event_s.c.o[0m
[ 87%] [32mBuilding C object CMakeFiles/wildfire_msgs__rosidl_generator_py.dir/rosidl_generator_py/wildfire_msgs/msg/_drive_cmd_s.c.o[0m
[ 89%] [32mBuilding C object CMakeFiles/wildfire_msgs__rosidl_generator_py.dir/rosidl_generator_py/wildfire_msgs/msg/_pan_tilt_cmd_s.c.o[0m
[ 90%] [32m[1mLinking C shared library rosidl_generator_py/wildfire_msgs/libwildfire_msgs__rosidl_generator_py.so[0m
[ 90%] Built target wildfire_msgs__rosidl_generator_py
[ 92%] [32mBuilding C object CMakeFiles/wildfire_msgs__rosidl_typesupport_fastrtps_c__pyext.dir/rosidl_generator_py/wildfire_msgs/_wildfire_msgs_s.ep.rosidl_typesupport_fastrtps_c.c.o[0m
[ 95%] [32mBuilding C object CMakeFiles/wildfire_msgs__rosidl_typesupport_introspection_c__pyext.dir/rosidl_generator_py/wildfire_msgs/_wildfire_msgs_s.ep.rosidl_typesupport_introspection_c.c.o[0m
[ 95%] [32mBuilding C object CMakeFiles/wildfire_msgs__rosidl_typesupport_c__pyext.dir/rosidl_generator_py/wildfire_msgs/_wildfire_msgs_s.ep.rosidl_typesupport_c.c.o[0m
[ 96%] [32m[1mLinking C shared library rosidl_generator_py/wildfire_msgs/wildfire_msgs_s__rosidl_typesupport_c.cpython-310-aarch64-linux-gnu.so[0m
[100%] [32m[1mLinking C shared library rosidl_generator_py/wildfire_msgs/wildfire_msgs_s__rosidl_typesupport_introspection_c.cpython-310-aarch64-linux-gnu.so[0m
[100%] [32m[1mLinking C shared library rosidl_generator_py/wildfire_msgs/wildfire_msgs_s__rosidl_typesupport_fastrtps_c.cpython-310-aarch64-linux-gnu.so[0m
[100%] Built target wildfire_msgs__rosidl_typesupport_c__pyext
[100%] Built target wildfire_msgs__rosidl_typesupport_introspection_c__pyext
[100%] Built target wildfire_msgs__rosidl_typesupport_fastrtps_c__pyext
-- Install configuration: ""
-- Installing: /home/project/ros2_ws/install/wildfire_msgs/share/ament_index/resource_index/rosidl_interfaces/wildfire_msgs
-- Installing: /home/project/ros2_ws/install/wildfire_msgs/include/wildfire_msgs/wildfire_msgs
-- Installing: /home/project/ros2_ws/install/wildfire_msgs/include/wildfire_msgs/wildfire_msgs/msg
-- Installing: /home/project/ros2_ws/install/wildfire_msgs/include/wildfire_msgs/wildfire_msgs/msg/rosidl_generator_c__visibility_control.h
-- Installing: /home/project/ros2_ws/install/wildfire_msgs/include/wildfire_msgs/wildfire_msgs/msg/button_event.h
-- Installing: /home/project/ros2_ws/install/wildfire_msgs/include/wildfire_msgs/wildfire_msgs/msg/drive_cmd.h
-- Installing: /home/project/ros2_ws/install/wildfire_msgs/include/wildfire_msgs/wildfire_msgs/msg/detail
-- Installing: /home/project/ros2_ws/install/wildfire_msgs/include/wildfire_msgs/wildfire_msgs/msg/detail/mode__functions.c
-- Installing: /home/project/ros2_ws/install/wildfire_msgs/include/wildfire_msgs/wildfire_msgs/msg/detail/pan_tilt_cmd__struct.h
-- Installing: /home/project/ros2_ws/install/wildfire_msgs/include/wildfire_msgs/wildfire_msgs/msg/detail/drive_cmd__functions.c
-- Installing: /home/project/ros2_ws/install/wildfire_msgs/include/wildfire_msgs/wildfire_msgs/msg/detail/pan_tilt_cmd__functions.c
-- Installing: /home/project/ros2_ws/install/wildfire_msgs/include/wildfire_msgs/wildfire_msgs/msg/detail/pan_tilt_cmd__type_support.h
-- Installing: /home/project/ros2_ws/install/wildfire_msgs/include/wildfire_msgs/wildfire_msgs/msg/detail/mode__type_support.h
-- Installing: /home/project/ros2_ws/install/wildfire_msgs/include/wildfire_msgs/wildfire_msgs/msg/detail/button_event__struct.h
-- Installing: /home/project/ros2_ws/install/wildfire_msgs/include/wildfire_msgs/wildfire_msgs/msg/detail/button_event__functions.h
-- Installing: /home/project/ros2_ws/install/wildfire_msgs/include/wildfire_msgs/wildfire_msgs/msg/detail/detection__functions.h
-- Installing: /home/project/ros2_ws/install/wildfire_msgs/include/wildfire_msgs/wildfire_msgs/msg/detail/detection__struct.h
-- Installing: /home/project/ros2_ws/install/wildfire_msgs/include/wildfire_msgs/wildfire_msgs/msg/detail/mode__functions.h
-- Installing: /home/project/ros2_ws/install/wildfire_msgs/include/wildfire_msgs/wildfire_msgs/msg/detail/detection__type_support.h
-- Installing: /home/project/ros2_ws/install/wildfire_msgs/include/wildfire_msgs/wildfire_msgs/msg/detail/pan_tilt_cmd__functions.h
-- Installing: /home/project/ros2_ws/install/wildfire_msgs/include/wildfire_msgs/wildfire_msgs/msg/detail/drive_cmd__functions.h
-- Installing: /home/project/ros2_ws/install/wildfire_msgs/include/wildfire_msgs/wildfire_msgs/msg/detail/button_event__type_support.h
-- Installing: /home/project/ros2_ws/install/wildfire_msgs/include/wildfire_msgs/wildfire_msgs/msg/detail/mode__struct.h
-- Installing: /home/project/ros2_ws/install/wildfire_msgs/include/wildfire_msgs/wildfire_msgs/msg/detail/detection__functions.c
-- Installing: /home/project/ros2_ws/install/wildfire_msgs/include/wildfire_msgs/wildfire_msgs/msg/detail/drive_cmd__struct.h
-- Installing: /home/project/ros2_ws/install/wildfire_msgs/include/wildfire_msgs/wildfire_msgs/msg/detail/button_event__functions.c
-- Installing: /home/project/ros2_ws/install/wildfire_msgs/include/wildfire_msgs/wildfire_msgs/msg/detail/drive_cmd__type_support.h
-- Installing: /home/project/ros2_ws/install/wildfire_msgs/include/wildfire_msgs/wildfire_msgs/msg/mode.h
-- Installing: /home/project/ros2_ws/install/wildfire_msgs/include/wildfire_msgs/wildfire_msgs/msg/detection.h
-- Installing: /home/project/ros2_ws/install/wildfire_msgs/include/wildfire_msgs/wildfire_msgs/msg/pan_tilt_cmd.h
-- Installing: /home/project/ros2_ws/install/wildfire_msgs/share/wildfire_msgs/environment/library_path.sh
-- Installing: /home/project/ros2_ws/install/wildfire_msgs/share/wildfire_msgs/environment/library_path.dsv
-- Installing: /home/project/ros2_ws/install/wildfire_msgs/lib/libwildfire_msgs__rosidl_generator_c.so
-- Set runtime path of "/home/project/ros2_ws/install/wildfire_msgs/lib/libwildfire_msgs__rosidl_generator_c.so" to ""
-- Up-to-date: /home/project/ros2_ws/install/wildfire_msgs/include/wildfire_msgs/wildfire_msgs
-- Up-to-date: /home/project/ros2_ws/install/wildfire_msgs/include/wildfire_msgs/wildfire_msgs/msg
-- Up-to-date: /home/project/ros2_ws/install/wildfire_msgs/include/wildfire_msgs/wildfire_msgs/msg/detail
-- Installing: /home/project/ros2_ws/install/wildfire_msgs/include/wildfire_msgs/wildfire_msgs/msg/detail/mode__rosidl_typesupport_fastrtps_c.h
-- Installing: /home/project/ros2_ws/install/wildfire_msgs/include/wildfire_msgs/wildfire_msgs/msg/detail/pan_tilt_cmd__rosidl_typesupport_fastrtps_c.h
-- Installing: /home/project/ros2_ws/install/wildfire_msgs/include/wildfire_msgs/wildfire_msgs/msg/detail/button_event__rosidl_typesupport_fastrtps_c.h
-- Installing: /home/project/ros2_ws/install/wildfire_msgs/include/wildfire_msgs/wildfire_msgs/msg/detail/drive_cmd__rosidl_typesupport_fastrtps_c.h
-- Installing: /home/project/ros2_ws/install/wildfire_msgs/include/wildfire_msgs/wildfire_msgs/msg/detail/detection__rosidl_typesupport_fastrtps_c.h
-- Installing: /home/project/ros2_ws/install/wildfire_msgs/include/wildfire_msgs/wildfire_msgs/msg/rosidl_typesupport_fastrtps_c__visibility_control.h
-- Installing: /home/project/ros2_ws/install/wildfire_msgs/lib/libwildfire_msgs__rosidl_typesupport_fastrtps_c.so
-- Set runtime path of "/home/project/ros2_ws/install/wildfire_msgs/lib/libwildfire_msgs__rosidl_typesupport_fastrtps_c.so" to ""
-- Up-to-date: /home/project/ros2_ws/install/wildfire_msgs/include/wildfire_msgs/wildfire_msgs
-- Up-to-date: /home/project/ros2_ws/install/wildfire_msgs/include/wildfire_msgs/wildfire_msgs/msg
-- Installing: /home/project/ros2_ws/install/wildfire_msgs/include/wildfire_msgs/wildfire_msgs/msg/button_event.hpp
-- Installing: /home/project/ros2_ws/install/wildfire_msgs/include/wildfire_msgs/wildfire_msgs/msg/mode.hpp
-- Installing: /home/project/ros2_ws/install/wildfire_msgs/include/wildfire_msgs/wildfire_msgs/msg/pan_tilt_cmd.hpp
-- Installing: /home/project/ros2_ws/install/wildfire_msgs/include/wildfire_msgs/wildfire_msgs/msg/drive_cmd.hpp
-- Installing: /home/project/ros2_ws/install/wildfire_msgs/include/wildfire_msgs/wildfire_msgs/msg/detection.hpp
-- Up-to-date: /home/project/ros2_ws/install/wildfire_msgs/include/wildfire_msgs/wildfire_msgs/msg/detail
-- Installing: /home/project/ros2_ws/install/wildfire_msgs/include/wildfire_msgs/wildfire_msgs/msg/detail/mode__struct.hpp
-- Installing: /home/project/ros2_ws/install/wildfire_msgs/include/wildfire_msgs/wildfire_msgs/msg/detail/drive_cmd__type_support.hpp
-- Installing: /home/project/ros2_ws/install/wildfire_msgs/include/wildfire_msgs/wildfire_msgs/msg/detail/drive_cmd__builder.hpp
-- Installing: /home/project/ros2_ws/install/wildfire_msgs/include/wildfire_msgs/wildfire_msgs/msg/detail/button_event__traits.hpp
-- Installing: /home/project/ros2_ws/install/wildfire_msgs/include/wildfire_msgs/wildfire_msgs/msg/detail/pan_tilt_cmd__builder.hpp
-- Installing: /home/project/ros2_ws/install/wildfire_msgs/include/wildfire_msgs/wildfire_msgs/msg/detail/detection__traits.hpp
-- Installing: /home/project/ros2_ws/install/wildfire_msgs/include/wildfire_msgs/wildfire_msgs/msg/detail/pan_tilt_cmd__struct.hpp
-- Installing: /home/project/ros2_ws/install/wildfire_msgs/include/wildfire_msgs/wildfire_msgs/msg/detail/mode__builder.hpp
-- Installing: /home/project/ros2_ws/install/wildfire_msgs/include/wildfire_msgs/wildfire_msgs/msg/detail/drive_cmd__traits.hpp
-- Installing: /home/project/ros2_ws/install/wildfire_msgs/include/wildfire_msgs/wildfire_msgs/msg/detail/button_event__type_support.hpp
-- Installing: /home/project/ros2_ws/install/wildfire_msgs/include/wildfire_msgs/wildfire_msgs/msg/detail/mode__type_support.hpp
-- Installing: /home/project/ros2_ws/install/wildfire_msgs/include/wildfire_msgs/wildfire_msgs/msg/detail/detection__builder.hpp
-- Installing: /home/project/ros2_ws/install/wildfire_msgs/include/wildfire_msgs/wildfire_msgs/msg/detail/mode__traits.hpp
-- Installing: /home/project/ros2_ws/install/wildfire_msgs/include/wildfire_msgs/wildfire_msgs/msg/detail/button_event__builder.hpp
-- Installing: /home/project/ros2_ws/install/wildfire_msgs/include/wildfire_msgs/wildfire_msgs/msg/detail/detection__type_support.hpp
-- Installing: /home/project/ros2_ws/install/wildfire_msgs/include/wildfire_msgs/wildfire_msgs/msg/detail/button_event__struct.hpp
-- Installing: /home/project/ros2_ws/install/wildfire_msgs/include/wildfire_msgs/wildfire_msgs/msg/detail/detection__struct.hpp
-- Installing: /home/project/ros2_ws/install/wildfire_msgs/include/wildfire_msgs/wildfire_msgs/msg/detail/drive_cmd__struct.hpp
-- Installing: /home/project/ros2_ws/install/wildfire_msgs/include/wildfire_msgs/wildfire_msgs/msg/detail/pan_tilt_cmd__traits.hpp
-- Installing: /home/project/ros2_ws/install/wildfire_msgs/include/wildfire_msgs/wildfire_msgs/msg/detail/pan_tilt_cmd__type_support.hpp
-- Installing: /home/project/ros2_ws/install/wildfire_msgs/include/wildfire_msgs/wildfire_msgs/msg/rosidl_generator_cpp__visibility_control.hpp
-- Up-to-date: /home/project/ros2_ws/install/wildfire_msgs/include/wildfire_msgs/wildfire_msgs
-- Up-to-date: /home/project/ros2_ws/install/wildfire_msgs/include/wildfire_msgs/wildfire_msgs/msg
-- Installing: /home/project/ros2_ws/install/wildfire_msgs/include/wildfire_msgs/wildfire_msgs/msg/rosidl_typesupport_fastrtps_cpp__visibility_control.h
-- Up-to-date: /home/project/ros2_ws/install/wildfire_msgs/include/wildfire_msgs/wildfire_msgs/msg/detail
-- Installing: /home/project/ros2_ws/install/wildfire_msgs/include/wildfire_msgs/wildfire_msgs/msg/detail/pan_tilt_cmd__rosidl_typesupport_fastrtps_cpp.hpp
-- Installing: /home/project/ros2_ws/install/wildfire_msgs/include/wildfire_msgs/wildfire_msgs/msg/detail/drive_cmd__rosidl_typesupport_fastrtps_cpp.hpp
-- Installing: /home/project/ros2_ws/install/wildfire_msgs/include/wildfire_msgs/wildfire_msgs/msg/detail/button_event__rosidl_typesupport_fastrtps_cpp.hpp
-- Installing: /home/project/ros2_ws/install/wildfire_msgs/include/wildfire_msgs/wildfire_msgs/msg/detail/detection__rosidl_typesupport_fastrtps_cpp.hpp
-- Installing: /home/project/ros2_ws/install/wildfire_msgs/include/wildfire_msgs/wildfire_msgs/msg/detail/dds_fastrtps
-- Installing: /home/project/ros2_ws/install/wildfire_msgs/include/wildfire_msgs/wildfire_msgs/msg/detail/mode__rosidl_typesupport_fastrtps_cpp.hpp
-- Installing: /home/project/ros2_ws/install/wildfire_msgs/lib/libwildfire_msgs__rosidl_typesupport_fastrtps_cpp.so
-- Set runtime path of "/home/project/ros2_ws/install/wildfire_msgs/lib/libwildfire_msgs__rosidl_typesupport_fastrtps_cpp.so" to ""
-- Up-to-date: /home/project/ros2_ws/install/wildfire_msgs/include/wildfire_msgs/wildfire_msgs
-- Up-to-date: /home/project/ros2_ws/install/wildfire_msgs/include/wildfire_msgs/wildfire_msgs/msg
-- Up-to-date: /home/project/ros2_ws/install/wildfire_msgs/include/wildfire_msgs/wildfire_msgs/msg/detail
-- Installing: /home/project/ros2_ws/install/wildfire_msgs/include/wildfire_msgs/wildfire_msgs/msg/detail/detection__type_support.c
-- Installing: /home/project/ros2_ws/install/wildfire_msgs/include/wildfire_msgs/wildfire_msgs/msg/detail/mode__rosidl_typesupport_introspection_c.h
-- Installing: /home/project/ros2_ws/install/wildfire_msgs/include/wildfire_msgs/wildfire_msgs/msg/detail/button_event__type_support.c
-- Installing: /home/project/ros2_ws/install/wildfire_msgs/include/wildfire_msgs/wildfire_msgs/msg/detail/detection__rosidl_typesupport_introspection_c.h
-- Installing: /home/project/ros2_ws/install/wildfire_msgs/include/wildfire_msgs/wildfire_msgs/msg/detail/button_event__rosidl_typesupport_introspection_c.h
-- Installing: /home/project/ros2_ws/install/wildfire_msgs/include/wildfire_msgs/wildfire_msgs/msg/detail/drive_cmd__type_support.c
-- Installing: /home/project/ros2_ws/install/wildfire_msgs/include/wildfire_msgs/wildfire_msgs/msg/detail/pan_tilt_cmd__rosidl_typesupport_introspection_c.h
-- Installing: /home/project/ros2_ws/install/wildfire_msgs/include/wildfire_msgs/wildfire_msgs/msg/detail/pan_tilt_cmd__type_support.c
-- Installing: /home/project/ros2_ws/install/wildfire_msgs/include/wildfire_msgs/wildfire_msgs/msg/detail/drive_cmd__rosidl_typesupport_introspection_c.h
-- Installing: /home/project/ros2_ws/install/wildfire_msgs/include/wildfire_msgs/wildfire_msgs/msg/detail/mode__type_support.c
-- Installing: /home/project/ros2_ws/install/wildfire_msgs/include/wildfire_msgs/wildfire_msgs/msg/rosidl_typesupport_introspection_c__visibility_control.h
-- Installing: /home/project/ros2_ws/install/wildfire_msgs/lib/libwildfire_msgs__rosidl_typesupport_introspection_c.so
-- Set runtime path of "/home/project/ros2_ws/install/wildfire_msgs/lib/libwildfire_msgs__rosidl_typesupport_introspection_c.so" to ""
-- Installing: /home/project/ros2_ws/install/wildfire_msgs/lib/libwildfire_msgs__rosidl_typesupport_c.so
-- Set runtime path of "/home/project/ros2_ws/install/wildfire_msgs/lib/libwildfire_msgs__rosidl_typesupport_c.so" to ""
-- Up-to-date: /home/project/ros2_ws/install/wildfire_msgs/include/wildfire_msgs/wildfire_msgs
-- Up-to-date: /home/project/ros2_ws/install/wildfire_msgs/include/wildfire_msgs/wildfire_msgs/msg
-- Up-to-date: /home/project/ros2_ws/install/wildfire_msgs/include/wildfire_msgs/wildfire_msgs/msg/detail
-- Installing: /home/project/ros2_ws/install/wildfire_msgs/include/wildfire_msgs/wildfire_msgs/msg/detail/pan_tilt_cmd__rosidl_typesupport_introspection_cpp.hpp
-- Installing: /home/project/ros2_ws/install/wildfire_msgs/include/wildfire_msgs/wildfire_msgs/msg/detail/mode__rosidl_typesupport_introspection_cpp.hpp
-- Installing: /home/project/ros2_ws/install/wildfire_msgs/include/wildfire_msgs/wildfire_msgs/msg/detail/pan_tilt_cmd__type_support.cpp
-- Installing: /home/project/ros2_ws/install/wildfire_msgs/include/wildfire_msgs/wildfire_msgs/msg/detail/detection__type_support.cpp
-- Installing: /home/project/ros2_ws/install/wildfire_msgs/include/wildfire_msgs/wildfire_msgs/msg/detail/detection__rosidl_typesupport_introspection_cpp.hpp
-- Installing: /home/project/ros2_ws/install/wildfire_msgs/include/wildfire_msgs/wildfire_msgs/msg/detail/button_event__type_support.cpp
-- Installing: /home/project/ros2_ws/install/wildfire_msgs/include/wildfire_msgs/wildfire_msgs/msg/detail/mode__type_support.cpp
-- Installing: /home/project/ros2_ws/install/wildfire_msgs/include/wildfire_msgs/wildfire_msgs/msg/detail/drive_cmd__rosidl_typesupport_introspection_cpp.hpp
-- Installing: /home/project/ros2_ws/install/wildfire_msgs/include/wildfire_msgs/wildfire_msgs/msg/detail/drive_cmd__type_support.cpp
-- Installing: /home/project/ros2_ws/install/wildfire_msgs/include/wildfire_msgs/wildfire_msgs/msg/detail/button_event__rosidl_typesupport_introspection_cpp.hpp
-- Installing: /home/project/ros2_ws/install/wildfire_msgs/lib/libwildfire_msgs__rosidl_typesupport_introspection_cpp.so
-- Set runtime path of "/home/project/ros2_ws/install/wildfire_msgs/lib/libwildfire_msgs__rosidl_typesupport_introspection_cpp.so" to ""
-- Installing: /home/project/ros2_ws/install/wildfire_msgs/lib/libwildfire_msgs__rosidl_typesupport_cpp.so
-- Set runtime path of "/home/project/ros2_ws/install/wildfire_msgs/lib/libwildfire_msgs__rosidl_typesupport_cpp.so" to ""
-- Installing: /home/project/ros2_ws/install/wildfire_msgs/share/wildfire_msgs/environment/pythonpath.sh
-- Installing: /home/project/ros2_ws/install/wildfire_msgs/share/wildfire_msgs/environment/pythonpath.dsv
-- Installing: /home/project/ros2_ws/install/wildfire_msgs/local/lib/python3.10/dist-packages/wildfire_msgs-0.1.0-py3.10.egg-info
-- Installing: /home/project/ros2_ws/install/wildfire_msgs/local/lib/python3.10/dist-packages/wildfire_msgs-0.1.0-py3.10.egg-info/PKG-INFO
-- Installing: /home/project/ros2_ws/install/wildfire_msgs/local/lib/python3.10/dist-packages/wildfire_msgs-0.1.0-py3.10.egg-info/SOURCES.txt
-- Installing: /home/project/ros2_ws/install/wildfire_msgs/local/lib/python3.10/dist-packages/wildfire_msgs-0.1.0-py3.10.egg-info/top_level.txt
-- Installing: /home/project/ros2_ws/install/wildfire_msgs/local/lib/python3.10/dist-packages/wildfire_msgs-0.1.0-py3.10.egg-info/dependency_links.txt
-- Installing: /home/project/ros2_ws/install/wildfire_msgs/local/lib/python3.10/dist-packages/wildfire_msgs
-- Installing: /home/project/ros2_ws/install/wildfire_msgs/local/lib/python3.10/dist-packages/wildfire_msgs/wildfire_msgs_s__rosidl_typesupport_c.cpython-310-aarch64-linux-gnu.so
-- Installing: /home/project/ros2_ws/install/wildfire_msgs/local/lib/python3.10/dist-packages/wildfire_msgs/_wildfire_msgs_s.ep.rosidl_typesupport_fastrtps_c.c
-- Installing: /home/project/ros2_ws/install/wildfire_msgs/local/lib/python3.10/dist-packages/wildfire_msgs/wildfire_msgs_s__rosidl_typesupport_fastrtps_c.cpython-310-aarch64-linux-gnu.so
-- Installing: /home/project/ros2_ws/install/wildfire_msgs/local/lib/python3.10/dist-packages/wildfire_msgs/libwildfire_msgs__rosidl_generator_py.so
-- Installing: /home/project/ros2_ws/install/wildfire_msgs/local/lib/python3.10/dist-packages/wildfire_msgs/msg
-- Installing: /home/project/ros2_ws/install/wildfire_msgs/local/lib/python3.10/dist-packages/wildfire_msgs/msg/_drive_cmd_s.c
-- Installing: /home/project/ros2_ws/install/wildfire_msgs/local/lib/python3.10/dist-packages/wildfire_msgs/msg/_drive_cmd.py
-- Installing: /home/project/ros2_ws/install/wildfire_msgs/local/lib/python3.10/dist-packages/wildfire_msgs/msg/_detection.py
-- Installing: /home/project/ros2_ws/install/wildfire_msgs/local/lib/python3.10/dist-packages/wildfire_msgs/msg/_pan_tilt_cmd.py
-- Installing: /home/project/ros2_ws/install/wildfire_msgs/local/lib/python3.10/dist-packages/wildfire_msgs/msg/_mode.py
-- Installing: /home/project/ros2_ws/install/wildfire_msgs/local/lib/python3.10/dist-packages/wildfire_msgs/msg/__init__.py
-- Installing: /home/project/ros2_ws/install/wildfire_msgs/local/lib/python3.10/dist-packages/wildfire_msgs/msg/_mode_s.c
-- Installing: /home/project/ros2_ws/install/wildfire_msgs/local/lib/python3.10/dist-packages/wildfire_msgs/msg/_pan_tilt_cmd_s.c
-- Installing: /home/project/ros2_ws/install/wildfire_msgs/local/lib/python3.10/dist-packages/wildfire_msgs/msg/_button_event.py
-- Installing: /home/project/ros2_ws/install/wildfire_msgs/local/lib/python3.10/dist-packages/wildfire_msgs/msg/_detection_s.c
-- Installing: /home/project/ros2_ws/install/wildfire_msgs/local/lib/python3.10/dist-packages/wildfire_msgs/msg/_button_event_s.c
-- Installing: /home/project/ros2_ws/install/wildfire_msgs/local/lib/python3.10/dist-packages/wildfire_msgs/__init__.py
-- Installing: /home/project/ros2_ws/install/wildfire_msgs/local/lib/python3.10/dist-packages/wildfire_msgs/wildfire_msgs_s__rosidl_typesupport_introspection_c.cpython-310-aarch64-linux-gnu.so
-- Installing: /home/project/ros2_ws/install/wildfire_msgs/local/lib/python3.10/dist-packages/wildfire_msgs/_wildfire_msgs_s.ep.rosidl_typesupport_introspection_c.c
-- Installing: /home/project/ros2_ws/install/wildfire_msgs/local/lib/python3.10/dist-packages/wildfire_msgs/_wildfire_msgs_s.ep.rosidl_typesupport_c.c
Listing '/home/project/ros2_ws/install/wildfire_msgs/local/lib/python3.10/dist-packages/wildfire_msgs'...
Compiling '/home/project/ros2_ws/install/wildfire_msgs/local/lib/python3.10/dist-packages/wildfire_msgs/__init__.py'...
Listing '/home/project/ros2_ws/install/wildfire_msgs/local/lib/python3.10/dist-packages/wildfire_msgs/msg'...
Compiling '/home/project/ros2_ws/install/wildfire_msgs/local/lib/python3.10/dist-packages/wildfire_msgs/msg/__init__.py'...
Compiling '/home/project/ros2_ws/install/wildfire_msgs/local/lib/python3.10/dist-packages/wildfire_msgs/msg/_button_event.py'...
Compiling '/home/project/ros2_ws/install/wildfire_msgs/local/lib/python3.10/dist-packages/wildfire_msgs/msg/_detection.py'...
Compiling '/home/project/ros2_ws/install/wildfire_msgs/local/lib/python3.10/dist-packages/wildfire_msgs/msg/_drive_cmd.py'...
Compiling '/home/project/ros2_ws/install/wildfire_msgs/local/lib/python3.10/dist-packages/wildfire_msgs/msg/_mode.py'...
Compiling '/home/project/ros2_ws/install/wildfire_msgs/local/lib/python3.10/dist-packages/wildfire_msgs/msg/_pan_tilt_cmd.py'...
-- Installing: /home/project/ros2_ws/install/wildfire_msgs/local/lib/python3.10/dist-packages/wildfire_msgs/wildfire_msgs_s__rosidl_typesupport_fastrtps_c.cpython-310-aarch64-linux-gnu.so
-- Set runtime path of "/home/project/ros2_ws/install/wildfire_msgs/local/lib/python3.10/dist-packages/wildfire_msgs/wildfire_msgs_s__rosidl_typesupport_fastrtps_c.cpython-310-aarch64-linux-gnu.so" to ""
-- Installing: /home/project/ros2_ws/install/wildfire_msgs/local/lib/python3.10/dist-packages/wildfire_msgs/wildfire_msgs_s__rosidl_typesupport_introspection_c.cpython-310-aarch64-linux-gnu.so
-- Set runtime path of "/home/project/ros2_ws/install/wildfire_msgs/local/lib/python3.10/dist-packages/wildfire_msgs/wildfire_msgs_s__rosidl_typesupport_introspection_c.cpython-310-aarch64-linux-gnu.so" to ""
-- Installing: /home/project/ros2_ws/install/wildfire_msgs/local/lib/python3.10/dist-packages/wildfire_msgs/wildfire_msgs_s__rosidl_typesupport_c.cpython-310-aarch64-linux-gnu.so
-- Set runtime path of "/home/project/ros2_ws/install/wildfire_msgs/local/lib/python3.10/dist-packages/wildfire_msgs/wildfire_msgs_s__rosidl_typesupport_c.cpython-310-aarch64-linux-gnu.so" to ""
-- Installing: /home/project/ros2_ws/install/wildfire_msgs/lib/libwildfire_msgs__rosidl_generator_py.so
-- Set runtime path of "/home/project/ros2_ws/install/wildfire_msgs/lib/libwildfire_msgs__rosidl_generator_py.so" to ""
-- Installing: /home/project/ros2_ws/install/wildfire_msgs/share/ament_index/resource_index/rust_packages/wildfire_msgs
-- Installing: /home/project/ros2_ws/install/wildfire_msgs/share/wildfire_msgs/rust
-- Installing: /home/project/ros2_ws/install/wildfire_msgs/share/wildfire_msgs/rust/Cargo.toml
-- Installing: /home/project/ros2_ws/install/wildfire_msgs/share/wildfire_msgs/rust/build.rs
-- Installing: /home/project/ros2_ws/install/wildfire_msgs/share/wildfire_msgs/rust/src
-- Installing: /home/project/ros2_ws/install/wildfire_msgs/share/wildfire_msgs/rust/src/msg
-- Installing: /home/project/ros2_ws/install/wildfire_msgs/share/wildfire_msgs/rust/src/msg/rmw.rs
-- Installing: /home/project/ros2_ws/install/wildfire_msgs/share/wildfire_msgs/rust/src/lib.rs
-- Installing: /home/project/ros2_ws/install/wildfire_msgs/share/wildfire_msgs/rust/src/msg.rs
-- Installing: /home/project/ros2_ws/install/wildfire_msgs/share/wildfire_msgs/msg/Mode.idl
-- Installing: /home/project/ros2_ws/install/wildfire_msgs/share/wildfire_msgs/msg/ButtonEvent.idl
-- Installing: /home/project/ros2_ws/install/wildfire_msgs/share/wildfire_msgs/msg/Detection.idl
-- Installing: /home/project/ros2_ws/install/wildfire_msgs/share/wildfire_msgs/msg/DriveCmd.idl
-- Installing: /home/project/ros2_ws/install/wildfire_msgs/share/wildfire_msgs/msg/PanTiltCmd.idl
-- Installing: /home/project/ros2_ws/install/wildfire_msgs/share/wildfire_msgs/msg/Mode.msg
-- Installing: /home/project/ros2_ws/install/wildfire_msgs/share/wildfire_msgs/msg/ButtonEvent.msg
-- Installing: /home/project/ros2_ws/install/wildfire_msgs/share/wildfire_msgs/msg/Detection.msg
-- Installing: /home/project/ros2_ws/install/wildfire_msgs/share/wildfire_msgs/msg/DriveCmd.msg
-- Installing: /home/project/ros2_ws/install/wildfire_msgs/share/wildfire_msgs/msg/PanTiltCmd.msg
-- Installing: /home/project/ros2_ws/install/wildfire_msgs/share/ament_index/resource_index/package_run_dependencies/wildfire_msgs
-- Installing: /home/project/ros2_ws/install/wildfire_msgs/share/ament_index/resource_index/parent_prefix_path/wildfire_msgs
-- Installing: /home/project/ros2_ws/install/wildfire_msgs/share/wildfire_msgs/environment/ament_prefix_path.sh
-- Installing: /home/project/ros2_ws/install/wildfire_msgs/share/wildfire_msgs/environment/ament_prefix_path.dsv
-- Installing: /home/project/ros2_ws/install/wildfire_msgs/share/wildfire_msgs/environment/path.sh
-- Installing: /home/project/ros2_ws/install/wildfire_msgs/share/wildfire_msgs/environment/path.dsv
-- Installing: /home/project/ros2_ws/install/wildfire_msgs/share/wildfire_msgs/local_setup.bash
-- Installing: /home/project/ros2_ws/install/wildfire_msgs/share/wildfire_msgs/local_setup.sh
-- Installing: /home/project/ros2_ws/install/wildfire_msgs/share/wildfire_msgs/local_setup.zsh
-- Installing: /home/project/ros2_ws/install/wildfire_msgs/share/wildfire_msgs/local_setup.dsv
-- Installing: /home/project/ros2_ws/install/wildfire_msgs/share/wildfire_msgs/package.dsv
-- Installing: /home/project/ros2_ws/install/wildfire_msgs/share/ament_index/resource_index/packages/wildfire_msgs
-- Installing: /home/project/ros2_ws/install/wildfire_msgs/share/wildfire_msgs/cmake/export_wildfire_msgs__rosidl_generator_cExport.cmake
-- Installing: /home/project/ros2_ws/install/wildfire_msgs/share/wildfire_msgs/cmake/export_wildfire_msgs__rosidl_generator_cExport-noconfig.cmake
-- Installing: /home/project/ros2_ws/install/wildfire_msgs/share/wildfire_msgs/cmake/export_wildfire_msgs__rosidl_typesupport_fastrtps_cExport.cmake
-- Installing: /home/project/ros2_ws/install/wildfire_msgs/share/wildfire_msgs/cmake/export_wildfire_msgs__rosidl_typesupport_fastrtps_cExport-noconfig.cmake
-- Installing: /home/project/ros2_ws/install/wildfire_msgs/share/wildfire_msgs/cmake/export_wildfire_msgs__rosidl_generator_cppExport.cmake
-- Installing: /home/project/ros2_ws/install/wildfire_msgs/share/wildfire_msgs/cmake/export_wildfire_msgs__rosidl_typesupport_fastrtps_cppExport.cmake
-- Installing: /home/project/ros2_ws/install/wildfire_msgs/share/wildfire_msgs/cmake/export_wildfire_msgs__rosidl_typesupport_fastrtps_cppExport-noconfig.cmake
-- Installing: /home/project/ros2_ws/install/wildfire_msgs/share/wildfire_msgs/cmake/wildfire_msgs__rosidl_typesupport_introspection_cExport.cmake
-- Installing: /home/project/ros2_ws/install/wildfire_msgs/share/wildfire_msgs/cmake/wildfire_msgs__rosidl_typesupport_introspection_cExport-noconfig.cmake
-- Installing: /home/project/ros2_ws/install/wildfire_msgs/share/wildfire_msgs/cmake/wildfire_msgs__rosidl_typesupport_cExport.cmake
-- Installing: /home/project/ros2_ws/install/wildfire_msgs/share/wildfire_msgs/cmake/wildfire_msgs__rosidl_typesupport_cExport-noconfig.cmake
-- Installing: /home/project/ros2_ws/install/wildfire_msgs/share/wildfire_msgs/cmake/wildfire_msgs__rosidl_typesupport_introspection_cppExport.cmake
-- Installing: /home/project/ros2_ws/install/wildfire_msgs/share/wildfire_msgs/cmake/wildfire_msgs__rosidl_typesupport_introspection_cppExport-noconfig.cmake
-- Installing: /home/project/ros2_ws/install/wildfire_msgs/share/wildfire_msgs/cmake/wildfire_msgs__rosidl_typesupport_cppExport.cmake
-- Installing: /home/project/ros2_ws/install/wildfire_msgs/share/wildfire_msgs/cmake/wildfire_msgs__rosidl_typesupport_cppExport-noconfig.cmake
-- Installing: /home/project/ros2_ws/install/wildfire_msgs/share/wildfire_msgs/cmake/export_wildfire_msgs__rosidl_generator_pyExport.cmake
-- Installing: /home/project/ros2_ws/install/wildfire_msgs/share/wildfire_msgs/cmake/export_wildfire_msgs__rosidl_generator_pyExport-noconfig.cmake
-- Installing: /home/project/ros2_ws/install/wildfire_msgs/share/wildfire_msgs/cmake/rosidl_cmake-extras.cmake
-- Installing: /home/project/ros2_ws/install/wildfire_msgs/share/wildfire_msgs/cmake/ament_cmake_export_dependencies-extras.cmake
-- Installing: /home/project/ros2_ws/install/wildfire_msgs/share/wildfire_msgs/cmake/ament_cmake_export_include_directories-extras.cmake
-- Installing: /home/project/ros2_ws/install/wildfire_msgs/share/wildfire_msgs/cmake/ament_cmake_export_libraries-extras.cmake
-- Installing: /home/project/ros2_ws/install/wildfire_msgs/share/wildfire_msgs/cmake/ament_cmake_export_targets-extras.cmake
-- Installing: /home/project/ros2_ws/install/wildfire_msgs/share/wildfire_msgs/cmake/rosidl_cmake_export_typesupport_targets-extras.cmake
-- Installing: /home/project/ros2_ws/install/wildfire_msgs/share/wildfire_msgs/cmake/rosidl_cmake_export_typesupport_libraries-extras.cmake
-- Installing: /home/project/ros2_ws/install/wildfire_msgs/share/wildfire_msgs/cmake/wildfire_msgsConfig.cmake
-- Installing: /home/project/ros2_ws/install/wildfire_msgs/share/wildfire_msgs/cmake/wildfire_msgsConfig-version.cmake
-- Installing: /home/project/ros2_ws/install/wildfire_msgs/share/wildfire_msgs/package.xml
