running egg_info
creating ../../build/wildfire_bringup/wildfire_bringup.egg-info
writing ../../build/wildfire_bringup/wildfire_bringup.egg-info/PKG-INFO
writing dependency_links to ../../build/wildfire_bringup/wildfire_bringup.egg-info/dependency_links.txt
writing entry points to ../../build/wildfire_bringup/wildfire_bringup.egg-info/entry_points.txt
writing requirements to ../../build/wildfire_bringup/wildfire_bringup.egg-info/requires.txt
writing top-level names to ../../build/wildfire_bringup/wildfire_bringup.egg-info/top_level.txt
writing manifest file '../../build/wildfire_bringup/wildfire_bringup.egg-info/SOURCES.txt'
reading manifest file '../../build/wildfire_bringup/wildfire_bringup.egg-info/SOURCES.txt'
writing manifest file '../../build/wildfire_bringup/wildfire_bringup.egg-info/SOURCES.txt'
running build
running build_py
creating /home/project/ros2_ws/build/wildfire_bringup/build
creating /home/project/ros2_ws/build/wildfire_bringup/build/lib
creating /home/project/ros2_ws/build/wildfire_bringup/build/lib/wildfire_bringup
copying wildfire_bringup/__init__.py -> /home/project/ros2_ws/build/wildfire_bringup/build/lib/wildfire_bringup
running install
running install_lib
creating /home/project/ros2_ws/install/wildfire_bringup/lib/python3.10/site-packages/wildfire_bringup
copying /home/project/ros2_ws/build/wildfire_bringup/build/lib/wildfire_bringup/__init__.py -> /home/project/ros2_ws/install/wildfire_bringup/lib/python3.10/site-packages/wildfire_bringup
byte-compiling /home/project/ros2_ws/install/wildfire_bringup/lib/python3.10/site-packages/wildfire_bringup/__init__.py to __init__.cpython-310.pyc
running install_data
creating /home/project/ros2_ws/install/wildfire_bringup/share/ament_index
creating /home/project/ros2_ws/install/wildfire_bringup/share/ament_index/resource_index
creating /home/project/ros2_ws/install/wildfire_bringup/share/ament_index/resource_index/packages
copying resource/wildfire_bringup -> /home/project/ros2_ws/install/wildfire_bringup/share/ament_index/resource_index/packages
copying package.xml -> /home/project/ros2_ws/install/wildfire_bringup/share/wildfire_bringup
creating /home/project/ros2_ws/install/wildfire_bringup/share/wildfire_bringup/launch
copying launch/bringup.launch.py -> /home/project/ros2_ws/install/wildfire_bringup/share/wildfire_bringup/launch
creating /home/project/ros2_ws/install/wildfire_bringup/share/wildfire_bringup/config
copying config/params.yaml -> /home/project/ros2_ws/install/wildfire_bringup/share/wildfire_bringup/config
running install_egg_info
Copying ../../build/wildfire_bringup/wildfire_bringup.egg-info to /home/project/ros2_ws/install/wildfire_bringup/lib/python3.10/site-packages/wildfire_bringup-0.1.0-py3.10.egg-info
running install_scripts
writing list of installed files to '/home/project/ros2_ws/build/wildfire_bringup/install.log'
