/home/project/ros2_ws/install/wildfire_vision/lib/python3.10/site-packages/wildfire_vision/fire_detector_node.py
/home/project/ros2_ws/install/wildfire_vision/lib/python3.10/site-packages/wildfire_vision/__init__.py
/home/project/ros2_ws/install/wildfire_vision/lib/python3.10/site-packages/wildfire_vision/person_detector_node.py
/home/project/ros2_ws/install/wildfire_vision/lib/python3.10/site-packages/wildfire_vision/camera_node.py
/home/project/ros2_ws/install/wildfire_vision/lib/python3.10/site-packages/wildfire_vision/__pycache__/fire_detector_node.cpython-310.pyc
/home/project/ros2_ws/install/wildfire_vision/lib/python3.10/site-packages/wildfire_vision/__pycache__/__init__.cpython-310.pyc
/home/project/ros2_ws/install/wildfire_vision/lib/python3.10/site-packages/wildfire_vision/__pycache__/person_detector_node.cpython-310.pyc
/home/project/ros2_ws/install/wildfire_vision/lib/python3.10/site-packages/wildfire_vision/__pycache__/camera_node.cpython-310.pyc
/home/project/ros2_ws/install/wildfire_vision/share/ament_index/resource_index/packages/wildfire_vision
/home/project/ros2_ws/install/wildfire_vision/share/wildfire_vision/package.xml
/home/project/ros2_ws/install/wildfire_vision/lib/python3.10/site-packages/wildfire_vision-0.1.0-py3.10.egg-info/PKG-INFO
/home/project/ros2_ws/install/wildfire_vision/lib/python3.10/site-packages/wildfire_vision-0.1.0-py3.10.egg-info/zip-safe
/home/project/ros2_ws/install/wildfire_vision/lib/python3.10/site-packages/wildfire_vision-0.1.0-py3.10.egg-info/SOURCES.txt
/home/project/ros2_ws/install/wildfire_vision/lib/python3.10/site-packages/wildfire_vision-0.1.0-py3.10.egg-info/entry_points.txt
/home/project/ros2_ws/install/wildfire_vision/lib/python3.10/site-packages/wildfire_vision-0.1.0-py3.10.egg-info/requires.txt
/home/project/ros2_ws/install/wildfire_vision/lib/python3.10/site-packages/wildfire_vision-0.1.0-py3.10.egg-info/top_level.txt
/home/project/ros2_ws/install/wildfire_vision/lib/python3.10/site-packages/wildfire_vision-0.1.0-py3.10.egg-info/dependency_links.txt
/home/project/ros2_ws/install/wildfire_vision/bin/camera_node
/home/project/ros2_ws/install/wildfire_vision/bin/fire_detector_node
/home/project/ros2_ws/install/wildfire_vision/bin/person_detector_node
