/home/project/ros2_ws/install/wildfire_control/lib/python3.10/site-packages/wildfire_control/state_machine_node.py
/home/project/ros2_ws/install/wildfire_control/lib/python3.10/site-packages/wildfire_control/__init__.py
/home/project/ros2_ws/install/wildfire_control/lib/python3.10/site-packages/wildfire_control/fire_controller_node.py
/home/project/ros2_ws/install/wildfire_control/lib/python3.10/site-packages/wildfire_control/follow_controller_node.py
/home/project/ros2_ws/install/wildfire_control/lib/python3.10/site-packages/wildfire_control/__pycache__/state_machine_node.cpython-310.pyc
/home/project/ros2_ws/install/wildfire_control/lib/python3.10/site-packages/wildfire_control/__pycache__/__init__.cpython-310.pyc
/home/project/ros2_ws/install/wildfire_control/lib/python3.10/site-packages/wildfire_control/__pycache__/fire_controller_node.cpython-310.pyc
/home/project/ros2_ws/install/wildfire_control/lib/python3.10/site-packages/wildfire_control/__pycache__/follow_controller_node.cpython-310.pyc
/home/project/ros2_ws/install/wildfire_control/share/ament_index/resource_index/packages/wildfire_control
/home/project/ros2_ws/install/wildfire_control/share/wildfire_control/package.xml
/home/project/ros2_ws/install/wildfire_control/lib/python3.10/site-packages/wildfire_control-0.1.0-py3.10.egg-info/PKG-INFO
/home/project/ros2_ws/install/wildfire_control/lib/python3.10/site-packages/wildfire_control-0.1.0-py3.10.egg-info/zip-safe
/home/project/ros2_ws/install/wildfire_control/lib/python3.10/site-packages/wildfire_control-0.1.0-py3.10.egg-info/SOURCES.txt
/home/project/ros2_ws/install/wildfire_control/lib/python3.10/site-packages/wildfire_control-0.1.0-py3.10.egg-info/entry_points.txt
/home/project/ros2_ws/install/wildfire_control/lib/python3.10/site-packages/wildfire_control-0.1.0-py3.10.egg-info/requires.txt
/home/project/ros2_ws/install/wildfire_control/lib/python3.10/site-packages/wildfire_control-0.1.0-py3.10.egg-info/top_level.txt
/home/project/ros2_ws/install/wildfire_control/lib/python3.10/site-packages/wildfire_control-0.1.0-py3.10.egg-info/dependency_links.txt
/home/project/ros2_ws/install/wildfire_control/bin/fire_controller_node
/home/project/ros2_ws/install/wildfire_control/bin/follow_controller_node
/home/project/ros2_ws/install/wildfire_control/bin/state_machine_node
