[0.414s] Invoking command in '/home/project/ros2_ws/src/wildfire_vision': PYTHONPATH=/home/project/ros2_ws/build/wildfire_vision/prefix_override:/usr/lib/python3/dist-packages/colcon_core/task/python/colcon_distutils_commands:/home/project/ros2_ws/install/wildfire_vision/lib/python3.10/site-packages:${PYTHONPATH} /usr/bin/python3 -W ignore:setup.py install is deprecated -W ignore:easy_install command is deprecated setup.py egg_info --egg-base ../../build/wildfire_vision build --build-base /home/project/ros2_ws/build/wildfire_vision/build install --record /home/project/ros2_ws/build/wildfire_vision/install.log --single-version-externally-managed install_data
[0.501s] running egg_info
[0.502s] creating ../../build/wildfire_vision/wildfire_vision.egg-info
[0.503s] writing ../../build/wildfire_vision/wildfire_vision.egg-info/PKG-INFO
[0.504s] writing dependency_links to ../../build/wildfire_vision/wildfire_vision.egg-info/dependency_links.txt
[0.506s] writing entry points to ../../build/wildfire_vision/wildfire_vision.egg-info/entry_points.txt
[0.506s] writing requirements to ../../build/wildfire_vision/wildfire_vision.egg-info/requires.txt
[0.507s] writing top-level names to ../../build/wildfire_vision/wildfire_vision.egg-info/top_level.txt
[0.507s] writing manifest file '../../build/wildfire_vision/wildfire_vision.egg-info/SOURCES.txt'
[0.509s] reading manifest file '../../build/wildfire_vision/wildfire_vision.egg-info/SOURCES.txt'
[0.511s] writing manifest file '../../build/wildfire_vision/wildfire_vision.egg-info/SOURCES.txt'
[0.513s] running build
[0.514s] running build_py
[0.515s] creating /home/project/ros2_ws/build/wildfire_vision/build
[0.515s] creating /home/project/ros2_ws/build/wildfire_vision/build/lib
[0.516s] creating /home/project/ros2_ws/build/wildfire_vision/build/lib/wildfire_vision
[0.517s] copying wildfire_vision/fire_detector_node.py -> /home/project/ros2_ws/build/wildfire_vision/build/lib/wildfire_vision
[0.518s] copying wildfire_vision/__init__.py -> /home/project/ros2_ws/build/wildfire_vision/build/lib/wildfire_vision
[0.519s] copying wildfire_vision/person_detector_node.py -> /home/project/ros2_ws/build/wildfire_vision/build/lib/wildfire_vision
[0.520s] copying wildfire_vision/camera_node.py -> /home/project/ros2_ws/build/wildfire_vision/build/lib/wildfire_vision
[0.521s] running install
[0.521s] running install_lib
[0.522s] creating /home/project/ros2_ws/install/wildfire_vision/lib/python3.10/site-packages/wildfire_vision
[0.522s] copying /home/project/ros2_ws/build/wildfire_vision/build/lib/wildfire_vision/fire_detector_node.py -> /home/project/ros2_ws/install/wildfire_vision/lib/python3.10/site-packages/wildfire_vision
[0.523s] copying /home/project/ros2_ws/build/wildfire_vision/build/lib/wildfire_vision/__init__.py -> /home/project/ros2_ws/install/wildfire_vision/lib/python3.10/site-packages/wildfire_vision
[0.523s] copying /home/project/ros2_ws/build/wildfire_vision/build/lib/wildfire_vision/person_detector_node.py -> /home/project/ros2_ws/install/wildfire_vision/lib/python3.10/site-packages/wildfire_vision
[0.524s] copying /home/project/ros2_ws/build/wildfire_vision/build/lib/wildfire_vision/camera_node.py -> /home/project/ros2_ws/install/wildfire_vision/lib/python3.10/site-packages/wildfire_vision
[0.525s] byte-compiling /home/project/ros2_ws/install/wildfire_vision/lib/python3.10/site-packages/wildfire_vision/fire_detector_node.py to fire_detector_node.cpython-310.pyc
[0.529s] byte-compiling /home/project/ros2_ws/install/wildfire_vision/lib/python3.10/site-packages/wildfire_vision/__init__.py to __init__.cpython-310.pyc
[0.530s] byte-compiling /home/project/ros2_ws/install/wildfire_vision/lib/python3.10/site-packages/wildfire_vision/person_detector_node.py to person_detector_node.cpython-310.pyc
[0.533s] byte-compiling /home/project/ros2_ws/install/wildfire_vision/lib/python3.10/site-packages/wildfire_vision/camera_node.py to camera_node.cpython-310.pyc
[0.536s] running install_data
[0.536s] creating /home/project/ros2_ws/install/wildfire_vision/share/ament_index
[0.537s] creating /home/project/ros2_ws/install/wildfire_vision/share/ament_index/resource_index
[0.537s] creating /home/project/ros2_ws/install/wildfire_vision/share/ament_index/resource_index/packages
[0.538s] copying resource/wildfire_vision -> /home/project/ros2_ws/install/wildfire_vision/share/ament_index/resource_index/packages
[0.538s] copying package.xml -> /home/project/ros2_ws/install/wildfire_vision/share/wildfire_vision
[0.540s] running install_egg_info
[0.541s] Copying ../../build/wildfire_vision/wildfire_vision.egg-info to /home/project/ros2_ws/install/wildfire_vision/lib/python3.10/site-packages/wildfire_vision-0.1.0-py3.10.egg-info
[0.551s] running install_scripts
[0.561s] Installing camera_node script to /home/project/ros2_ws/install/wildfire_vision/bin
[0.562s] Installing fire_detector_node script to /home/project/ros2_ws/install/wildfire_vision/bin
[0.565s] Installing person_detector_node script to /home/project/ros2_ws/install/wildfire_vision/bin
[0.569s] writing list of installed files to '/home/project/ros2_ws/build/wildfire_vision/install.log'
[0.597s] Invoked command in '/home/project/ros2_ws/src/wildfire_vision' returned '0': PYTHONPATH=/home/project/ros2_ws/build/wildfire_vision/prefix_override:/usr/lib/python3/dist-packages/colcon_core/task/python/colcon_distutils_commands:/home/project/ros2_ws/install/wildfire_vision/lib/python3.10/site-packages:${PYTHONPATH} /usr/bin/python3 -W ignore:setup.py install is deprecated -W ignore:easy_install command is deprecated setup.py egg_info --egg-base ../../build/wildfire_vision build --build-base /home/project/ros2_ws/build/wildfire_vision/build install --record /home/project/ros2_ws/build/wildfire_vision/install.log --single-version-externally-managed install_data
